Component: ARM Compiler 5.05 update 1 (build 106) Tool: armlink [4d0efa]

==============================================================================

Section Cross References

    main.o(i.main) refers to up_system.o(i.UP_System_Init) for UP_System_Init
    main.o(i.main) refers to control.o(i.main_control) for main_control
    main.o(i.main) refers to up_globle.o(i.UP_delay_ms) for UP_delay_ms
    main.o(i.main) refers to control.o(.data) for stage_scan_flag
    stm32f10x_adc.o(i.ADC_DeInit) refers to stm32f10x_rcc.o(i.RCC_APB2PeriphResetCmd) for RCC_APB2PeriphResetCmd
    stm32f10x_gpio.o(i.GPIO_AFIODeInit) refers to stm32f10x_rcc.o(i.RCC_APB2PeriphResetCmd) for RCC_APB2PeriphResetCmd
    stm32f10x_gpio.o(i.GPIO_DeInit) refers to stm32f10x_rcc.o(i.RCC_APB2PeriphResetCmd) for RCC_APB2PeriphResetCmd
    stm32f10x_rcc.o(i.RCC_GetClocksFreq) refers to stm32f10x_rcc.o(.data) for .data
    stm32f10x_rcc.o(i.RCC_WaitForHSEStartUp) refers to stm32f10x_rcc.o(i.RCC_GetFlagStatus) for RCC_GetFlagStatus
    stm32f10x_tim.o(i.TIM_DeInit) refers to stm32f10x_rcc.o(i.RCC_APB1PeriphResetCmd) for RCC_APB1PeriphResetCmd
    stm32f10x_tim.o(i.TIM_DeInit) refers to stm32f10x_rcc.o(i.RCC_APB2PeriphResetCmd) for RCC_APB2PeriphResetCmd
    stm32f10x_tim.o(i.TIM_ETRClockMode1Config) refers to stm32f10x_tim.o(i.TIM_ETRConfig) for TIM_ETRConfig
    stm32f10x_tim.o(i.TIM_ETRClockMode2Config) refers to stm32f10x_tim.o(i.TIM_ETRConfig) for TIM_ETRConfig
    stm32f10x_tim.o(i.TIM_ICInit) refers to stm32f10x_tim.o(i.TI1_Config) for TI1_Config
    stm32f10x_tim.o(i.TIM_ICInit) refers to stm32f10x_tim.o(i.TIM_SetIC1Prescaler) for TIM_SetIC1Prescaler
    stm32f10x_tim.o(i.TIM_ICInit) refers to stm32f10x_tim.o(i.TI2_Config) for TI2_Config
    stm32f10x_tim.o(i.TIM_ICInit) refers to stm32f10x_tim.o(i.TIM_SetIC2Prescaler) for TIM_SetIC2Prescaler
    stm32f10x_tim.o(i.TIM_ICInit) refers to stm32f10x_tim.o(i.TIM_SetIC3Prescaler) for TIM_SetIC3Prescaler
    stm32f10x_tim.o(i.TIM_ICInit) refers to stm32f10x_tim.o(i.TIM_SetIC4Prescaler) for TIM_SetIC4Prescaler
    stm32f10x_tim.o(i.TIM_ITRxExternalClockConfig) refers to stm32f10x_tim.o(i.TIM_SelectInputTrigger) for TIM_SelectInputTrigger
    stm32f10x_tim.o(i.TIM_PWMIConfig) refers to stm32f10x_tim.o(i.TI2_Config) for TI2_Config
    stm32f10x_tim.o(i.TIM_PWMIConfig) refers to stm32f10x_tim.o(i.TIM_SetIC2Prescaler) for TIM_SetIC2Prescaler
    stm32f10x_tim.o(i.TIM_PWMIConfig) refers to stm32f10x_tim.o(i.TI1_Config) for TI1_Config
    stm32f10x_tim.o(i.TIM_PWMIConfig) refers to stm32f10x_tim.o(i.TIM_SetIC1Prescaler) for TIM_SetIC1Prescaler
    stm32f10x_tim.o(i.TIM_TIxExternalClockConfig) refers to stm32f10x_tim.o(i.TI1_Config) for TI1_Config
    stm32f10x_tim.o(i.TIM_TIxExternalClockConfig) refers to stm32f10x_tim.o(i.TIM_SelectInputTrigger) for TIM_SelectInputTrigger
    stm32f10x_tim.o(i.TIM_TIxExternalClockConfig) refers to stm32f10x_tim.o(i.TI2_Config) for TI2_Config
    stm32f10x_usart.o(i.USART_DeInit) refers to stm32f10x_rcc.o(i.RCC_APB2PeriphResetCmd) for RCC_APB2PeriphResetCmd
    stm32f10x_usart.o(i.USART_DeInit) refers to stm32f10x_rcc.o(i.RCC_APB1PeriphResetCmd) for RCC_APB1PeriphResetCmd
    stm32f10x_usart.o(i.USART_Init) refers to stm32f10x_rcc.o(i.RCC_GetClocksFreq) for RCC_GetClocksFreq
    system_stm32f10x.o(i.SystemCoreClockUpdate) refers to system_stm32f10x.o(.data) for .data
    system_stm32f10x.o(i.SystemInit) refers to system_stm32f10x.o(i.SetSysClockTo72) for SetSysClockTo72
    startup_stm32f10x_hd.o(RESET) refers to startup_stm32f10x_hd.o(STACK) for __initial_sp
    startup_stm32f10x_hd.o(RESET) refers to startup_stm32f10x_hd.o(.text) for Reset_Handler
    startup_stm32f10x_hd.o(RESET) refers to up_it.o(i.SysTick_Handler) for SysTick_Handler
    startup_stm32f10x_hd.o(RESET) refers to up_it.o(i.EXTI0_IRQHandler) for EXTI0_IRQHandler
    startup_stm32f10x_hd.o(RESET) refers to up_it.o(i.EXTI1_IRQHandler) for EXTI1_IRQHandler
    startup_stm32f10x_hd.o(RESET) refers to up_it.o(i.EXTI2_IRQHandler) for EXTI2_IRQHandler
    startup_stm32f10x_hd.o(RESET) refers to up_it.o(i.EXTI3_IRQHandler) for EXTI3_IRQHandler
    startup_stm32f10x_hd.o(RESET) refers to up_it.o(i.EXTI4_IRQHandler) for EXTI4_IRQHandler
    startup_stm32f10x_hd.o(RESET) refers to up_it.o(i.DMA1_Channel1_IRQHandler) for DMA1_Channel1_IRQHandler
    startup_stm32f10x_hd.o(RESET) refers to up_it.o(i.DMA1_Channel2_IRQHandler) for DMA1_Channel2_IRQHandler
    startup_stm32f10x_hd.o(RESET) refers to up_it.o(i.EXTI9_5_IRQHandler) for EXTI9_5_IRQHandler
    startup_stm32f10x_hd.o(RESET) refers to up_it.o(i.TIM3_IRQHandler) for TIM3_IRQHandler
    startup_stm32f10x_hd.o(RESET) refers to up_it.o(i.USART1_IRQHandler) for USART1_IRQHandler
    startup_stm32f10x_hd.o(RESET) refers to up_vga.o(i.USART3_IRQHandler) for USART3_IRQHandler
    startup_stm32f10x_hd.o(RESET) refers to up_it.o(i.EXTI15_10_IRQHandler) for EXTI15_10_IRQHandler
[...]
    control.o(i.move) refers to control.o(.data) for .data
    control.o(i.scan) refers to up_adc.o(i.UP_ADC_GetValue) for UP_ADC_GetValue
    control.o(i.scan) refers to control.o(.data) for .data
    control.o(i.shangtai) refers to control.o(i.move) for move
    control.o(i.shangtai) refers to up_globle.o(i.UP_delay_ms) for UP_delay_ms
    control.o(i.shangtai) refers to control.o(i.wheel_45_L) for wheel_45_L
    control.o(i.shangtai) refers to control.o(.data) for .data
    control.o(i.wander) refers to control.o(i.move) for move
    control.o(i.wander) refers to up_globle.o(i.UP_delay_ms) for UP_delay_ms
    control.o(i.wander) refers to control.o(.data) for .data
    control.o(i.wheel_135_L) refers to control.o(i.move) for move
    control.o(i.wheel_135_L) refers to up_globle.o(i.UP_delay_ms) for UP_delay_ms
    control.o(i.wheel_135_R) refers to control.o(i.move) for move
    control.o(i.wheel_135_R) refers to up_globle.o(i.UP_delay_ms) for UP_delay_ms
    control.o(i.wheel_180) refers to control.o(i.move) for move
    control.o(i.wheel_180) refers to up_globle.o(i.UP_delay_ms) for UP_delay_ms
    control.o(i.wheel_45_L) refers to control.o(i.move) for move
    control.o(i.wheel_45_L) refers to up_globle.o(i.UP_delay_ms) for UP_delay_ms
    control.o(i.wheel_45_L_H) refers to control.o(i.move) for move
    control.o(i.wheel_45_L_H) refers to up_globle.o(i.UP_delay_ms) for UP_delay_ms
    control.o(i.wheel_45_R) refers to control.o(i.move) for move
    control.o(i.wheel_45_R) refers to up_globle.o(i.UP_delay_ms) for UP_delay_ms
    control.o(i.wheel_45_R_H) refers to control.o(i.move) for move
    control.o(i.wheel_45_R_H) refers to up_globle.o(i.UP_delay_ms) for UP_delay_ms
    control.o(i.wheel_90_L) refers to control.o(i.move) for move
    control.o(i.wheel_90_L) refers to up_globle.o(i.UP_delay_ms) for UP_delay_ms
    control.o(i.wheel_90_R) refers to control.o(i.move) for move
    control.o(i.wheel_90_R) refers to up_globle.o(i.UP_delay_ms) for UP_delay_ms
    control.o(i.wheel_L) refers to control.o(i.move) for move
    control.o(i.wheel_L) refers to up_globle.o(i.UP_delay_ms) for UP_delay_ms
    control.o(i.wheel_R) refers to control.o(i.move) for move
    control.o(i.wheel_R) refers to up_globle.o(i.UP_delay_ms) for UP_delay_ms
    entry.o(.ARM.Collect$$$$00000000) refers (Special) to entry10a.o(.ARM.Collect$$$$0000000D) for __rt_final_cpp
    entry.o(.ARM.Collect$$$$00000000) refers (Special) to entry11a.o(.ARM.Collect$$$$0000000F) for __rt_final_exit
    entry.o(.ARM.Collect$$$$00000000) refers (Special) to entry7b.o(.ARM.Collect$$$$00000008) for _main_clock
    entry.o(.ARM.Collect$$$$00000000) refers (Special) to entry8b.o(.ARM.Collect$$$$0000000A) for _main_cpp_init
    entry.o(.ARM.Collect$$$$00000000) refers (Special) to entry9a.o(.ARM.Collect$$$$0000000B) for _main_init
    entry.o(.ARM.Collect$$$$00000000) refers (Special) to entry5.o(.ARM.Collect$$$$00000004) for _main_scatterload
    entry.o(.ARM.Collect$$$$00000000) refers (Special) to entry2.o(.ARM.Collect$$$$00000001) for _main_stk
    fdiv.o(.text) refers (Special) to iusefp.o(.text) for __I$use$fp
    fdiv.o(.text) refers to fepilogue.o(.text) for _float_round
    dmul.o(.text) refers (Special) to iusefp.o(.text) for __I$use$fp
    dmul.o(.text) refers to depilogue.o(.text) for _double_epilogue
    fflti.o(.text) refers (Special) to iusefp.o(.text) for __I$use$fp
    fflti.o(.text) refers to fepilogue.o(.text) for _float_epilogue
    dfltui.o(.text) refers (Special) to iusefp.o(.text) for __I$use$fp
    dfltui.o(.text) refers to depilogue.o(.text) for _double_epilogue
    ffixi.o(.text) refers (Special) to iusefp.o(.text) for __I$use$fp
    dfixi.o(.text) refers (Special) to iusefp.o(.text) for __I$use$fp
    dfixi.o(.text) refers to llushr.o(.text) for __aeabi_llsr
    cdrcmple.o(.text) refers (Special) to iusefp.o(.text) for __I$use$fp
    entry2.o(.ARM.Collect$$$$00000001) refers to entry2.o(.ARM.Collect$$$$00002712) for __lit__00000000
    entry2.o(.ARM.Collect$$$$00002712) refers to startup_stm32f10x_hd.o(STACK) for __initial_sp
    entry2.o(__vectab_stack_and_reset_area) refers to startup_stm32f10x_hd.o(STACK) for __initial_sp
    entry2.o(__vectab_stack_and_reset_area) refers to entry.o(.ARM.Collect$$$$00000000) for __main
    entry5.o(.ARM.Collect$$$$00000004) refers to init.o(.text) for __scatterload
    entry9a.o(.ARM.Collect$$$$0000000B) refers to main.o(i.main) for main
    entry9b.o(.ARM.Collect$$$$0000000C) refers to main.o(i.main) for main
    depilogue.o(.text) refers to llshl.o(.text) for __aeabi_llsl
    depilogue.o(.text) refers to llushr.o(.text) for __aeabi_llsr
    init.o(.text) refers to entry5.o(.ARM.Collect$$$$00000004) for __main_after_scatterload


==============================================================================

Removing Unused input sections from the image.

    Removing core_cm3.o(.emb_text), (32 bytes).
    Removing misc.o(i.NVIC_SystemLPConfig), (24 bytes).
    Removing misc.o(i.SysTick_CLKSourceConfig), (24 bytes).
    Removing stm32f10x_adc.o(i.ADC_AnalogWatchdogCmd), (16 bytes).
    Removing stm32f10x_adc.o(i.ADC_AnalogWatchdogSingleChannelConfig), (12 bytes).
    Removing stm32f10x_adc.o(i.ADC_AnalogWatchdogThresholdsConfig), (6 bytes).
    Removing stm32f10x_adc.o(i.ADC_AutoInjectedConvCmd), (20 bytes).
    Removing stm32f10x_adc.o(i.ADC_ClearFlag), (6 bytes).
    Removing stm32f10x_adc.o(i.ADC_ClearITPendingBit), (8 bytes).
    Removing stm32f10x_adc.o(i.ADC_DeInit), (68 bytes).
    Removing stm32f10x_adc.o(i.ADC_DiscModeChannelCountConfig), (16 bytes).
    Removing stm32f10x_adc.o(i.ADC_DiscModeCmd), (20 bytes).
    Removing stm32f10x_adc.o(i.ADC_ExternalTrigConvCmd), (20 bytes).
    Removing stm32f10x_adc.o(i.ADC_ExternalTrigInjectedConvCmd), (20 bytes).
    Removing stm32f10x_adc.o(i.ADC_ExternalTrigInjectedConvConfig), (12 bytes).
    Removing stm32f10x_adc.o(i.ADC_GetConversionValue), (6 bytes).
    Removing stm32f10x_adc.o(i.ADC_GetDualModeConversionValue), (12 bytes).
    Removing stm32f10x_adc.o(i.ADC_GetFlagStatus), (14 bytes).
    Removing stm32f10x_adc.o(i.ADC_GetITStatus), (28 bytes).
    Removing stm32f10x_adc.o(i.ADC_GetInjectedConversionValue), (14 bytes).
    Removing stm32f10x_adc.o(i.ADC_GetSoftwareStartConvStatus), (14 bytes).
    Removing stm32f10x_adc.o(i.ADC_GetSoftwareStartInjectedConvCmdStatus), (14 bytes).
    Removing stm32f10x_adc.o(i.ADC_ITConfig), (18 bytes).
    Removing stm32f10x_adc.o(i.ADC_InjectedChannelConfig), (74 bytes).
    Removing stm32f10x_adc.o(i.ADC_InjectedDiscModeCmd), (20 bytes).
    Removing stm32f10x_adc.o(i.ADC_InjectedSequencerLengthConfig), (16 bytes).
    Removing stm32f10x_adc.o(i.ADC_SetInjectedOffset), (10 bytes).
    Removing stm32f10x_adc.o(i.ADC_SoftwareStartInjectedConvCmd), (20 bytes).
    Removing stm32f10x_adc.o(i.ADC_StructInit), (18 bytes).
    Removing stm32f10x_adc.o(i.ADC_TempSensorVrefintCmd), (28 bytes).
    Removing stm32f10x_dma.o(i.DMA_ClearFlag), (24 bytes).
    Removing stm32f10x_dma.o(i.DMA_GetCurrDataCounter), (6 bytes).
    Removing stm32f10x_dma.o(i.DMA_GetFlagStatus), (32 bytes).
    Removing stm32f10x_dma.o(i.DMA_SetCurrDataCounter), (4 bytes).
    Removing stm32f10x_dma.o(i.DMA_StructInit), (26 bytes).
    Removing stm32f10x_gpio.o(i.GPIO_AFIODeInit), (22 bytes).
    Removing stm32f10x_gpio.o(i.GPIO_DeInit), (180 bytes).
    Removing stm32f10x_gpio.o(i.GPIO_ETH_MediaInterfaceConfig), (12 bytes).
    Removing stm32f10x_gpio.o(i.GPIO_EventOutputCmd), (12 bytes).
    Removing stm32f10x_gpio.o(i.GPIO_EventOutputConfig), (28 bytes).
    Removing stm32f10x_gpio.o(i.GPIO_PinLockConfig), (16 bytes).
    Removing stm32f10x_gpio.o(i.GPIO_ReadInputData), (6 bytes).
    Removing stm32f10x_gpio.o(i.GPIO_ReadInputDataBit), (14 bytes).
    Removing stm32f10x_gpio.o(i.GPIO_ReadOutputData), (6 bytes).
    Removing stm32f10x_gpio.o(i.GPIO_ReadOutputDataBit), (14 bytes).
    Removing stm32f10x_gpio.o(i.GPIO_SetBits), (4 bytes).
    Removing stm32f10x_gpio.o(i.GPIO_StructInit), (16 bytes).
    Removing stm32f10x_gpio.o(i.GPIO_Write), (4 bytes).
    Removing stm32f10x_gpio.o(i.GPIO_WriteBit), (10 bytes).
    Removing stm32f10x_rcc.o(i.RCC_ADCCLKConfig), (20 bytes).
    Removing stm32f10x_rcc.o(i.RCC_AdjustHSICalibrationValue), (20 bytes).
    Removing stm32f10x_rcc.o(i.RCC_BackupResetCmd), (12 bytes).
    Removing stm32f10x_rcc.o(i.RCC_ClearFlag), (16 bytes).
    Removing stm32f10x_rcc.o(i.RCC_ClearITPendingBit), (12 bytes).
    Removing stm32f10x_rcc.o(i.RCC_ClockSecuritySystemCmd), (12 bytes).
    Removing stm32f10x_rcc.o(i.RCC_DeInit), (64 bytes).
    Removing stm32f10x_rcc.o(i.RCC_GetFlagStatus), (48 bytes).
    Removing stm32f10x_rcc.o(i.RCC_GetITStatus), (20 bytes).
    Removing stm32f10x_rcc.o(i.RCC_GetSYSCLKSource), (16 bytes).
    Removing stm32f10x_rcc.o(i.RCC_HCLKConfig), (20 bytes).
    Removing stm32f10x_rcc.o(i.RCC_HSEConfig), (52 bytes).
    Removing stm32f10x_rcc.o(i.RCC_HSICmd), (12 bytes).
    Removing stm32f10x_rcc.o(i.RCC_ITConfig), (24 bytes).
    Removing stm32f10x_rcc.o(i.RCC_LSEConfig), (32 bytes).
    Removing stm32f10x_rcc.o(i.RCC_LSICmd), (12 bytes).
    Removing stm32f10x_rcc.o(i.RCC_MCOConfig), (12 bytes).
    Removing stm32f10x_rcc.o(i.RCC_PCLK1Config), (20 bytes).
    Removing stm32f10x_rcc.o(i.RCC_PCLK2Config), (20 bytes).
    Removing stm32f10x_rcc.o(i.RCC_PLLCmd), (12 bytes).
    Removing stm32f10x_rcc.o(i.RCC_PLLConfig), (20 bytes).
    Removing stm32f10x_rcc.o(i.RCC_RTCCLKCmd), (12 bytes).
    Removing stm32f10x_rcc.o(i.RCC_RTCCLKConfig), (16 bytes).
    Removing stm32f10x_rcc.o(i.RCC_SYSCLKConfig), (20 bytes).
    Removing stm32f10x_rcc.o(i.RCC_USBCLKConfig), (12 bytes).
    Removing stm32f10x_rcc.o(i.RCC_WaitForHSEStartUp), (44 bytes).
    Removing stm32f10x_tim.o(i.TI1_Config), (108 bytes).
    Removing stm32f10x_tim.o(i.TI2_Config), (124 bytes).
    Removing stm32f10x_tim.o(i.TIM_ARRPreloadConfig), (20 bytes).
    Removing stm32f10x_tim.o(i.TIM_BDTRConfig), (34 bytes).
    Removing stm32f10x_tim.o(i.TIM_BDTRStructInit), (18 bytes).
    Removing stm32f10x_tim.o(i.TIM_CCPreloadControl), (20 bytes).
    Removing stm32f10x_tim.o(i.TIM_CCxCmd), (22 bytes).
    Removing stm32f10x_tim.o(i.TIM_CCxNCmd), (22 bytes).
    Removing stm32f10x_tim.o(i.TIM_ClearFlag), (6 bytes).
    Removing stm32f10x_tim.o(i.TIM_ClearOC1Ref), (12 bytes).
    Removing stm32f10x_tim.o(i.TIM_ClearOC2Ref), (20 bytes).
    Removing stm32f10x_tim.o(i.TIM_ClearOC3Ref), (12 bytes).
    Removing stm32f10x_tim.o(i.TIM_ClearOC4Ref), (20 bytes).
    Removing stm32f10x_tim.o(i.TIM_CounterModeConfig), (12 bytes).
    Removing stm32f10x_tim.o(i.TIM_DMACmd), (16 bytes).
    Removing stm32f10x_tim.o(i.TIM_DMAConfig), (8 bytes).
    Removing stm32f10x_tim.o(i.TIM_ETRClockMode1Config), (18 bytes).
    Removing stm32f10x_tim.o(i.TIM_ETRClockMode2Config), (18 bytes).
    Removing stm32f10x_tim.o(i.TIM_ETRConfig), (24 bytes).
    Removing stm32f10x_tim.o(i.TIM_EncoderInterfaceConfig), (50 bytes).
    Removing stm32f10x_tim.o(i.TIM_ForcedOC1Config), (12 bytes).
    Removing stm32f10x_tim.o(i.TIM_ForcedOC2Config), (20 bytes).
    Removing stm32f10x_tim.o(i.TIM_ForcedOC3Config), (12 bytes).
    Removing stm32f10x_tim.o(i.TIM_ForcedOC4Config), (20 bytes).
    Removing stm32f10x_tim.o(i.TIM_GenerateEvent), (4 bytes).
    Removing stm32f10x_tim.o(i.TIM_GetCapture1), (4 bytes).
    Removing stm32f10x_tim.o(i.TIM_GetCapture2), (4 bytes).
    Removing stm32f10x_tim.o(i.TIM_GetCapture3), (4 bytes).
    Removing stm32f10x_tim.o(i.TIM_GetCapture4), (6 bytes).
    Removing stm32f10x_tim.o(i.TIM_GetCounter), (4 bytes).
    Removing stm32f10x_tim.o(i.TIM_GetFlagStatus), (14 bytes).
    Removing stm32f10x_tim.o(i.TIM_GetPrescaler), (4 bytes).
    Removing stm32f10x_tim.o(i.TIM_ICInit), (300 bytes).
    Removing stm32f10x_tim.o(i.TIM_ICStructInit), (16 bytes).
    Removing stm32f10x_tim.o(i.TIM_ITRxExternalClockConfig), (18 bytes).
    Removing stm32f10x_tim.o(i.TIM_InternalClockConfig), (10 bytes).
    Removing stm32f10x_tim.o(i.TIM_OC1FastConfig), (12 bytes).
    Removing stm32f10x_tim.o(i.TIM_OC1NPolarityConfig), (12 bytes).
    Removing stm32f10x_tim.o(i.TIM_OC1PolarityConfig), (12 bytes).
    Removing stm32f10x_tim.o(i.TIM_OC1PreloadConfig), (12 bytes).
    Removing stm32f10x_tim.o(i.TIM_OC2FastConfig), (20 bytes).
    Removing stm32f10x_tim.o(i.TIM_OC2NPolarityConfig), (20 bytes).
    Removing stm32f10x_tim.o(i.TIM_OC2PolarityConfig), (20 bytes).
    Removing stm32f10x_tim.o(i.TIM_OC2PreloadConfig), (20 bytes).
    Removing stm32f10x_tim.o(i.TIM_OC3FastConfig), (12 bytes).
    Removing stm32f10x_tim.o(i.TIM_OC3NPolarityConfig), (20 bytes).
    Removing stm32f10x_tim.o(i.TIM_OC3PolarityConfig), (20 bytes).
    Removing stm32f10x_tim.o(i.TIM_OC3PreloadConfig), (12 bytes).
    Removing stm32f10x_tim.o(i.TIM_OC4FastConfig), (20 bytes).
    Removing stm32f10x_tim.o(i.TIM_OC4PolarityConfig), (20 bytes).
    Removing stm32f10x_tim.o(i.TIM_OC4PreloadConfig), (20 bytes).
    Removing stm32f10x_tim.o(i.TIM_OCStructInit), (20 bytes).
    Removing stm32f10x_tim.o(i.TIM_PWMIConfig), (108 bytes).
    Removing stm32f10x_tim.o(i.TIM_PrescalerConfig), (6 bytes).
    Removing stm32f10x_tim.o(i.TIM_SelectCCDMA), (20 bytes).
    Removing stm32f10x_tim.o(i.TIM_SelectCOM), (20 bytes).
    Removing stm32f10x_tim.o(i.TIM_SelectHallSensor), (20 bytes).
    Removing stm32f10x_tim.o(i.TIM_SelectInputTrigger), (12 bytes).
    Removing stm32f10x_tim.o(i.TIM_SelectMasterSlaveMode), (16 bytes).
    Removing stm32f10x_tim.o(i.TIM_SelectOCxM), (70 bytes).
    Removing stm32f10x_tim.o(i.TIM_SelectOnePulseMode), (16 bytes).
    Removing stm32f10x_tim.o(i.TIM_SelectOutputTrigger), (16 bytes).
    Removing stm32f10x_tim.o(i.TIM_SelectSlaveMode), (16 bytes).
    Removing stm32f10x_tim.o(i.TIM_SetAutoreload), (4 bytes).
    Removing stm32f10x_tim.o(i.TIM_SetClockDivision), (16 bytes).
    Removing stm32f10x_tim.o(i.TIM_SetCompare1), (4 bytes).
    Removing stm32f10x_tim.o(i.TIM_SetCompare2), (4 bytes).
    Removing stm32f10x_tim.o(i.TIM_SetCompare3), (4 bytes).
    Removing stm32f10x_tim.o(i.TIM_SetCompare4), (6 bytes).
    Removing stm32f10x_tim.o(i.TIM_SetCounter), (4 bytes).
    Removing stm32f10x_tim.o(i.TIM_SetIC1Prescaler), (16 bytes).
    Removing stm32f10x_tim.o(i.TIM_SetIC2Prescaler), (24 bytes).
    Removing stm32f10x_tim.o(i.TIM_SetIC3Prescaler), (16 bytes).
    Removing stm32f10x_tim.o(i.TIM_SetIC4Prescaler), (24 bytes).
    Removing stm32f10x_tim.o(i.TIM_TIxExternalClockConfig), (46 bytes).
    Removing stm32f10x_tim.o(i.TIM_TimeBaseStructInit), (18 bytes).
    Removing stm32f10x_tim.o(i.TIM_UpdateDisableConfig), (20 bytes).
    Removing stm32f10x_tim.o(i.TIM_UpdateRequestConfig), (20 bytes).
    Removing stm32f10x_usart.o(i.USART_ClockStructInit), (12 bytes).
    Removing stm32f10x_usart.o(i.USART_DeInit), (116 bytes).
    Removing stm32f10x_usart.o(i.USART_HalfDuplexCmd), (20 bytes).
    Removing stm32f10x_usart.o(i.USART_IrDACmd), (20 bytes).
    Removing stm32f10x_usart.o(i.USART_IrDAConfig), (16 bytes).
    Removing stm32f10x_usart.o(i.USART_LINBreakDetectLengthConfig), (16 bytes).
    Removing stm32f10x_usart.o(i.USART_LINCmd), (20 bytes).
    Removing stm32f10x_usart.o(i.USART_OneBitMethodCmd), (20 bytes).
    Removing stm32f10x_usart.o(i.USART_OverSampling8Cmd), (20 bytes).
    Removing stm32f10x_usart.o(i.USART_ReceiverWakeUpCmd), (20 bytes).
    Removing stm32f10x_usart.o(i.USART_SendBreak), (10 bytes).
    Removing stm32f10x_usart.o(i.USART_SendData), (8 bytes).
    Removing stm32f10x_usart.o(i.USART_SetAddress), (16 bytes).
    Removing stm32f10x_usart.o(i.USART_SetGuardTime), (16 bytes).
    Removing stm32f10x_usart.o(i.USART_SetPrescaler), (16 bytes).
    Removing stm32f10x_usart.o(i.USART_SmartCardCmd), (20 bytes).
    Removing stm32f10x_usart.o(i.USART_SmartCardNACKCmd), (20 bytes).
    Removing stm32f10x_usart.o(i.USART_StructInit), (22 bytes).
    Removing stm32f10x_usart.o(i.USART_WakeUpConfig), (16 bytes).
    Removing system_stm32f10x.o(i.SystemCoreClockUpdate), (100 bytes).
    Removing stm32f10x_exti.o(i.EXTI_ClearFlag), (12 bytes).
    Removing stm32f10x_exti.o(i.EXTI_ClearITPendingBit), (12 bytes).
    Removing stm32f10x_exti.o(i.EXTI_DeInit), (36 bytes).
    Removing stm32f10x_exti.o(i.EXTI_GenerateSWInterrupt), (16 bytes).
    Removing stm32f10x_exti.o(i.EXTI_GetFlagStatus), (20 bytes).
    Removing stm32f10x_exti.o(i.EXTI_Init), (112 bytes).
    Removing stm32f10x_exti.o(i.EXTI_StructInit), (14 bytes).
    Removing startup_stm32f10x_hd.o(HEAP), (512 bytes).
    Removing cortexm3_macro.o(.text), (122 bytes).
    Removing up_system.o(i.UP_ITConfig), (2 bytes).
    Removing up_globle.o(i.abs), (8 bytes).
    Removing up_globle.o(i.fabs), (30 bytes).
    Removing up_globle.o(.data), (4 bytes).
    Removing up_globle.o(.data), (4 bytes).
    Removing up_adc.o(i.UP_ADC_GetAllIO), (48 bytes).
    Removing up_adc.o(i.UP_ADC_GetIO), (24 bytes).
    Removing up_lcd.o(i.UP_LCD_ClearLine), (70 bytes).
    Removing up_lcd.o(i.UP_LCD_OnOff), (14 bytes).
    Removing up_lcd.o(i.UP_LCD_ShowCharacter), (68 bytes).
    Removing up_lcd.o(i.UP_LCD_ShowCharacterString), (96 bytes).
    Removing up_lcd.o(i.UP_LCD_ShowHex), (58 bytes).
    Removing up_lcd.o(i.UP_LCD_ShowInt), (108 bytes).
    Removing up_lcd.o(i.UP_LCD_ShowLetter), (52 bytes).
    Removing up_lcd.o(i.UP_LCD_ShowProgressBar), (222 bytes).
    Removing up_lcd.o(i.UP_LCD_ShowString), (82 bytes).
    Removing up_lcd.o(i.fputc), (76 bytes).
    Removing up_uart.o(i.UP_EnableBluetoothIT), (20 bytes).
    Removing up_uart.o(i.UP_EnableZigbeeIT), (20 bytes).
    Removing up_uart.o(i.UP_UART1_Putc), (32 bytes).
    Removing up_uart.o(i.UP_UART1_Puts), (40 bytes).
    Removing up_uart.o(i.UP_UART4_Putc), (32 bytes).
    Removing up_uart.o(i.UP_UART4_Puts), (40 bytes).
    Removing up_uart.o(i.UP_UART5_Putc), (32 bytes).
    Removing up_uart.o(i.UP_UART5_Puts), (40 bytes).
    Removing up_it.o(i.BusFaultException), (2 bytes).
    Removing up_it.o(i.DebugMonitor), (2 bytes).
    Removing up_it.o(i.HardFaultException), (2 bytes).
    Removing up_it.o(i.MemManageException), (2 bytes).
    Removing up_it.o(i.NMIException), (2 bytes).
    Removing up_it.o(i.PendSVC), (2 bytes).
    Removing up_it.o(i.SVCHandler), (2 bytes).
    Removing up_it.o(i.UsageFaultException), (2 bytes).
    Removing up_it.o(.data), (4 bytes).
    Removing up_exti.o(i.UP_Exti_DisableIT), (32 bytes).
    Removing up_exti.o(i.UP_Exti_EnableIT), (40 bytes).
    Removing up_exti.o(i.UP_Exti_SetHadler), (16 bytes).
    Removing up_timer.o(i.UP_Timer_CleanCount), (20 bytes).
    Removing up_timer.o(i.UP_Timer_DisableIT), (88 bytes).
    Removing up_timer.o(i.UP_Timer_EnableIT), (60 bytes).
    Removing up_timer.o(i.UP_Timer_GetCount), (20 bytes).
    Removing up_timer.o(i.UP_Timer_InitParameters), (2 bytes).
    Removing up_timer.o(i.UP_Timer_SetHadler), (52 bytes).
    Removing up_timer.o(.data), (4 bytes).
    Removing up_pwm.o(i.UP_PWM_Enable), (132 bytes).
    Removing up_pwm.o(i.UP_PWM_SetDutyTime), (88 bytes).
    Removing up_pwm.o(i.UP_PWM_SetFrequency), (72 bytes).
    Removing up_pwm.o(i.UP_PWM_SetIO), (64 bytes).
    Removing up_pwm.o(.data), (16 bytes).
    Removing up_cds5500.o(i.UP_CDS_Set4MotoSpeed), (126 bytes).
    Removing up_cds5500.o(i.UP_CDS_SetAngle), (52 bytes).
    Removing up_cds5500.o(i.UP_CDS_SetMode), (78 bytes).
    Removing up_usr232.o(i.UP_EnableUSR232IT), (20 bytes).
    Removing up_usr232.o(i.UP_SetUSR232Hadler), (16 bytes).
    Removing up_usr232.o(i.UP_USR232_EnableIT), (12 bytes).
    Removing up_usr232.o(i.UP_USR232_Putc), (4 bytes).
    Removing up_usr232.o(i.UP_USR232_Puts), (4 bytes).
    Removing up_ioout.o(i.UP_IOout_SetALLIO), (156 bytes).
    Removing up_ioout.o(i.UP_IOout_SetIO), (92 bytes).
    Removing up_ioout.o(.data), (6 bytes).
    Removing up_vga.o(i.CDS_Read_Sign), (96 bytes).
    Removing up_vga.o(i.SetSpeed), (20 bytes).
    Removing up_vga.o(i.UP_UART3_Putc), (32 bytes).
    Removing up_vga.o(i.UP_VGA_DIS_TRACKSIGN), (56 bytes).
    Removing up_vga.o(i.UP_VGA_MOTION_FORWARD), (12 bytes).
    Removing up_vga.o(i.UP_VGA_MOTION_STOP), (16 bytes).
    Removing up_vga.o(i.UP_VGA_MOTION_TURN), (344 bytes).
    Removing up_vga.o(i.UP_VGA_OPEN_USART3), (28 bytes).
    Removing up_vga.o(i.UP_VGA_PROTECTSET), (12 bytes).
    Removing up_vga.o(i.UP_VGA_SetSpeed), (20 bytes).
    Removing up_vga.o(i.UP_VGA_Timer), (28 bytes).
    Removing up_vga.o(i.USART3_NVIC), (32 bytes).
    Removing up_vga.o(i.VGA_Timer_Handler), (600 bytes).
    Removing up_vga.o(.data), (1 bytes).
    Removing up_vga.o(.data), (1 bytes).
    Removing up_rfid.o(i.RFIDParser), (36 bytes).
    Removing up_rfid.o(i.RFID_Timer_Handler), (44 bytes).
    Removing up_rfid.o(i.UP_RFID_CheckID), (28 bytes).
    Removing up_rfid.o(i.UP_RFID_Init), (48 bytes).
    Removing up_rfid.o(i.UP_RFID_ReadCard), (68 bytes).
    Removing up_rfid.o(.bss), (10 bytes).
    Removing up_rfid.o(.data), (12 bytes).
    Removing control.o(i.Fence), (96 bytes).
    Removing control.o(i.Rush_up), (32 bytes).
    Removing control.o(i.Stage), (76 bytes).
    Removing control.o(i.dispose), (220 bytes).
    Removing control.o(i.wheel_45_L_H), (30 bytes).
    Removing control.o(i.wheel_45_R_H), (32 bytes).
    Removing control.o(i.wheel_L), (22 bytes).
    Removing control.o(i.wheel_R), (24 bytes).
    Removing control.o(.data), (4 bytes).
    Removing control.o(.data), (4 bytes).
    Removing control.o(.data), (4 bytes).
    Removing control.o(.data), (4 bytes).
    Removing control.o(.data), (4 bytes).
    Removing control.o(.data), (4 bytes).
    Removing fdiv.o(.text), (124 bytes).
    Removing dmul.o(.text), (228 bytes).
    Removing fflti.o(.text), (18 bytes).
    Removing dfltui.o(.text), (26 bytes).
    Removing ffixi.o(.text), (50 bytes).
    Removing dfixi.o(.text), (62 bytes).
    Removing cdrcmple.o(.text), (48 bytes).
    Removing fepilogue.o(.text), (110 bytes).
    Removing depilogue.o(.text), (186 bytes).

287 unused section(s) (total 10326 bytes) removed from the image.

==============================================================================

Image Symbol Table

    Local Symbols

    Symbol Name                              Value     Ov Type        Size  Object(Section)

    ../clib/../cmprslib/zerorunl2.c          0x00000000   Number         0  __dczerorl2.o ABSOLUTE
    ../clib/microlib/init/entry.s            0x00000000   Number         0  entry11a.o ABSOLUTE
    ../clib/microlib/init/entry.s            0x00000000   Number         0  entry10b.o ABSOLUTE
    ../clib/microlib/init/entry.s            0x00000000   Number         0  entry.o ABSOLUTE
    ../clib/microlib/init/entry.s            0x00000000   Number         0  entry11b.o ABSOLUTE
    ../clib/microlib/init/entry.s            0x00000000   Number         0  entry7b.o ABSOLUTE
    ../clib/microlib/init/entry.s            0x00000000   Number         0  entry8a.o ABSOLUTE
    ../clib/microlib/init/entry.s            0x00000000   Number         0  entry10a.o ABSOLUTE
    ../clib/microlib/init/entry.s            0x00000000   Number         0  entry9b.o ABSOLUTE
    ../clib/microlib/init/entry.s            0x00000000   Number         0  entry2.o ABSOLUTE
    ../clib/microlib/init/entry.s            0x00000000   Number         0  entry8b.o ABSOLUTE
    ../clib/microlib/init/entry.s            0x00000000   Number         0  entry9a.o ABSOLUTE
    ../clib/microlib/init/entry.s            0x00000000   Number         0  entry5.o ABSOLUTE
    ../clib/microlib/init/entry.s            0x00000000   Number         0  entry7a.o ABSOLUTE
    ../clib/microlib/longlong.c              0x00000000   Number         0  llshl.o ABSOLUTE
    ../clib/microlib/longlong.c              0x00000000   Number         0  llushr.o ABSOLUTE
    ../clib/microlib/stubs.s                 0x00000000   Number         0  iusefp.o ABSOLUTE
    ../fplib/microlib/fpdiv.c                0x00000000   Number         0  fdiv.o ABSOLUTE
    ../fplib/microlib/fpepilogue.c           0x00000000   Number         0  depilogue.o ABSOLUTE
    ../fplib/microlib/fpepilogue.c           0x00000000   Number         0  fepilogue.o ABSOLUTE
    ../fplib/microlib/fpfix.c                0x00000000   Number         0  ffixi.o ABSOLUTE
    ../fplib/microlib/fpfix.c                0x00000000   Number         0  dfixi.o ABSOLUTE
    ../fplib/microlib/fpflt.c                0x00000000   Number         0  dfltui.o ABSOLUTE
    ../fplib/microlib/fpflt.c                0x00000000   Number         0  fflti.o ABSOLUTE
    ../fplib/microlib/fpmul.c                0x00000000   Number         0  dmul.o ABSOLUTE
    ..\\src\\UpLib\\STM32Lib\\core_cm3.c     0x00000000   Number         0  core_cm3.o ABSOLUTE
    ..\src\UpLib\STM32Lib\StartUp\cortexm3_macro.s 0x00000000   Number         0  cortexm3_macro.o ABSOLUTE
    ..\src\UpLib\STM32Lib\StartUp\startup_stm32f10x_hd.s 0x00000000   Number         0  startup_stm32f10x_hd.o ABSOLUTE
    ..\src\UpLib\STM32Lib\core_cm3.c         0x00000000   Number         0  core_cm3.o ABSOLUTE
    ..\src\UpLib\STM32Lib\misc.c             0x00000000   Number         0  misc.o ABSOLUTE
    ..\src\UpLib\STM32Lib\stm32f10x_adc.c    0x00000000   Number         0  stm32f10x_adc.o ABSOLUTE
    ..\src\UpLib\STM32Lib\stm32f10x_dma.c    0x00000000   Number         0  stm32f10x_dma.o ABSOLUTE
    ..\src\UpLib\STM32Lib\stm32f10x_exti.c   0x00000000   Number         0  stm32f10x_exti.o ABSOLUTE
    ..\src\UpLib\STM32Lib\stm32f10x_gpio.c   0x00000000   Number         0  stm32f10x_gpio.o ABSOLUTE
    ..\src\UpLib\STM32Lib\stm32f10x_rcc.c    0x00000000   Number         0  stm32f10x_rcc.o ABSOLUTE
    ..\src\UpLib\STM32Lib\stm32f10x_tim.c    0x00000000   Number         0  stm32f10x_tim.o ABSOLUTE
    ..\src\UpLib\STM32Lib\stm32f10x_usart.c  0x00000000   Number         0  stm32f10x_usart.o ABSOLUTE
    ..\src\UpLib\STM32Lib\system_stm32f10x.c 0x00000000   Number         0  system_stm32f10x.o ABSOLUTE
    ..\src\UpLib\UP_ADC.c                    0x00000000   Number         0  up_adc.o ABSOLUTE
    ..\src\UpLib\UP_CDS5500.c                0x00000000   Number         0  up_cds5500.o ABSOLUTE
    ..\src\UpLib\UP_Exti.c                   0x00000000   Number         0  up_exti.o ABSOLUTE
    ..\src\UpLib\UP_Globle.c                 0x00000000   Number         0  up_globle.o ABSOLUTE
    ..\src\UpLib\UP_IOout.c                  0x00000000   Number         0  up_ioout.o ABSOLUTE
    ..\src\UpLib\UP_Key.c                    0x00000000   Number         0  up_key.o ABSOLUTE
    ..\src\UpLib\UP_LCD.c                    0x00000000   Number         0  up_lcd.o ABSOLUTE
    ..\src\UpLib\UP_NVIC.c                   0x00000000   Number         0  up_nvic.o ABSOLUTE
    ..\src\UpLib\UP_PWM.c                    0x00000000   Number         0  up_pwm.o ABSOLUTE
    ..\src\UpLib\UP_RFID.c                   0x00000000   Number         0  up_rfid.o ABSOLUTE
    ..\src\UpLib\UP_System.c                 0x00000000   Number         0  up_system.o ABSOLUTE
    ..\src\UpLib\UP_Timer.c                  0x00000000   Number         0  up_timer.o ABSOLUTE
    ..\src\UpLib\UP_UART.c                   0x00000000   Number         0  up_uart.o ABSOLUTE
    ..\src\UpLib\UP_USR232.c                 0x00000000   Number         0  up_usr232.o ABSOLUTE
    ..\src\UpLib\UP_VGA.c                    0x00000000   Number         0  up_vga.o ABSOLUTE
    ..\src\UpLib\UP_it.c                     0x00000000   Number         0  up_it.o ABSOLUTE
    ..\src\main.c                            0x00000000   Number         0  main.o ABSOLUTE
    cdrcmple.s                               0x00000000   Number         0  cdrcmple.o ABSOLUTE
    control.c                                0x00000000   Number         0  control.o ABSOLUTE
    dc.s                                     0x00000000   Number         0  dc.o ABSOLUTE
    handlers.s                               0x00000000   Number         0  handlers.o ABSOLUTE
    init.s                                   0x00000000   Number         0  init.o ABSOLUTE
    RESET                                    0x0800b000   Section      304  startup_stm32f10x_hd.o(RESET)
    .ARM.Collect$$$$00000000                 0x0800b130   Section        0  entry.o(.ARM.Collect$$$$00000000)
    .ARM.Collect$$$$00000001                 0x0800b130   Section        4  entry2.o(.ARM.Collect$$$$00000001)
    .ARM.Collect$$$$00000004                 0x0800b134   Section        4  entry5.o(.ARM.Collect$$$$00000004)
    .ARM.Collect$$$$00000008                 0x0800b138   Section        0  entry7b.o(.ARM.Collect$$$$00000008)
    .ARM.Collect$$$$0000000A                 0x0800b138   Section        0  entry8b.o(.ARM.Collect$$$$0000000A)
    .ARM.Collect$$$$0000000B                 0x0800b138   Section        8  entry9a.o(.ARM.Collect$$$$0000000B)
    .ARM.Collect$$$$0000000D                 0x0800b140   Section        0  entry10a.o(.ARM.Collect$$$$0000000D)
    .ARM.Collect$$$$0000000F                 0x0800b140   Section        0  entry11a.o(.ARM.Collect$$$$0000000F)
    .ARM.Collect$$$$00002712                 0x0800b140   Section        4  entry2.o(.ARM.Collect$$$$00002712)
    __lit__00000000                          0x0800b140   Data           4  entry2.o(.ARM.Collect$$$$00002712)
    .text                                    0x0800b144   Section       36  startup_stm32f10x_hd.o(.text)
    .text                                    0x0800b168   Section       36  init.o(.text)
    .text                                    0x0800b18c   Section        0  __dczerorl2.o(.text)
    i.ADC_Cmd                                0x0800b1e2   Section        0  stm32f10x_adc.o(i.ADC_Cmd)
    i.ADC_DMACmd                             0x0800b1f6   Section        0  stm32f10x_adc.o(i.ADC_DMACmd)
    i.ADC_GetCalibrationStatus               0x0800b20a   Section        0  stm32f10x_adc.o(i.ADC_GetCalibrationStatus)
    i.ADC_GetResetCalibrationStatus          0x0800b218   Section        0  stm32f10x_adc.o(i.ADC_GetResetCalibrationStatus)
    i.ADC_Init                               0x0800b228   Section        0  stm32f10x_adc.o(i.ADC_Init)
    i.ADC_RegularChannelConfig               0x0800b270   Section        0  stm32f10x_adc.o(i.ADC_RegularChannelConfig)
    i.ADC_ResetCalibration                   0x0800b2e4   Section        0  stm32f10x_adc.o(i.ADC_ResetCalibration)
    i.ADC_SoftwareStartConvCmd               0x0800b2ee   Section        0  stm32f10x_adc.o(i.ADC_SoftwareStartConvCmd)
    i.ADC_StartCalibration                   0x0800b302   Section        0  stm32f10x_adc.o(i.ADC_StartCalibration)
    i.CDS_UARTHadler                         0x0800b30c   Section        0  up_vga.o(i.CDS_UARTHadler)
    i.CheckCDSSend                           0x0800b3a0   Section        0  up_uart.o(i.CheckCDSSend)
    i.DMA1_Channel1_IRQHandler               0x0800b3f4   Section        0  up_it.o(i.DMA1_Channel1_IRQHandler)
    i.DMA1_Channel2_IRQHandler               0x0800b40c   Section        0  up_it.o(i.DMA1_Channel2_IRQHandler)
    i.DMA_ClearITPendingBit                  0x0800b43c   Section        0  stm32f10x_dma.o(i.DMA_ClearITPendingBit)
    i.DMA_Cmd                                0x0800b454   Section        0  stm32f10x_dma.o(i.DMA_Cmd)
    i.DMA_DeInit                             0x0800b46c   Section        0  stm32f10x_dma.o(i.DMA_DeInit)
    i.DMA_GetITStatus                        0x0800b550   Section        0  stm32f10x_dma.o(i.DMA_GetITStatus)
    i.DMA_ITConfig                           0x0800b570   Section        0  stm32f10x_dma.o(i.DMA_ITConfig)
    i.DMA_Init                               0x0800b580   Section        0  stm32f10x_dma.o(i.DMA_Init)
    i.Delay_ms                               0x0800b5ba   Section        0  up_lcd.o(i.Delay_ms)
    i.Delay_us                               0x0800b5d4   Section        0  up_lcd.o(i.Delay_us)
    i.EXTI0_IRQHandler                       0x0800b5ea   Section        0  up_it.o(i.EXTI0_IRQHandler)
    i.EXTI15_10_IRQHandler                   0x0800b5f0   Section        0  up_it.o(i.EXTI15_10_IRQHandler)
    i.EXTI1_IRQHandler                       0x0800b63e   Section        0  up_it.o(i.EXTI1_IRQHandler)
    i.EXTI2_IRQHandler                       0x0800b644   Section        0  up_it.o(i.EXTI2_IRQHandler)
    i.EXTI3_IRQHandler                       0x0800b64a   Section        0  up_it.o(i.EXTI3_IRQHandler)
    i.EXTI4_IRQHandler                       0x0800b650   Section        0  up_it.o(i.EXTI4_IRQHandler)
    i.EXTI9_5_IRQHandler                     0x0800b656   Section        0  up_it.o(i.EXTI9_5_IRQHandler)
    i.EXTI_GetITStatus                       0x0800b6a0   Section        0  stm32f10x_exti.o(i.EXTI_GetITStatus)
    i.EXTI_IRQHandler                        0x0800b6c0   Section        0  up_it.o(i.EXTI_IRQHandler)
    i.Edge                                   0x0800b6dc   Section        0  control.o(i.Edge)
    i.GPIO_EXTILineConfig                    0x0800b7f0   Section        0  stm32f10x_gpio.o(i.GPIO_EXTILineConfig)
    i.GPIO_Init                              0x0800b818   Section        0  stm32f10x_gpio.o(i.GPIO_Init)
    i.GPIO_PinRemapConfig                    0x0800b8bc   Section        0  stm32f10x_gpio.o(i.GPIO_PinRemapConfig)
    i.GPIO_ResetBits                         0x0800b914   Section        0  stm32f10x_gpio.o(i.GPIO_ResetBits)
    i.LCD_WriteCmd                           0x0800b918   Section        0  up_lcd.o(i.LCD_WriteCmd)
    i.LCD_WriteData                          0x0800b974   Section        0  up_lcd.o(i.LCD_WriteData)
    i.Lcds_Config                            0x0800b9c0   Section        0  up_lcd.o(i.Lcds_Config)
    i.NVIC_Init                              0x0800ba10   Section        0  misc.o(i.NVIC_Init)
    i.NVIC_PriorityGroupConfig               0x0800ba74   Section        0  misc.o(i.NVIC_PriorityGroupConfig)
    i.NVIC_SetVectorTable                    0x0800ba88   Section        0  misc.o(i.NVIC_SetVectorTable)
    i.RCC_AHBPeriphClockCmd                  0x0800ba9c   Section        0  stm32f10x_rcc.o(i.RCC_AHBPeriphClockCmd)
    i.RCC_APB1PeriphClockCmd                 0x0800bab4   Section        0  stm32f10x_rcc.o(i.RCC_APB1PeriphClockCmd)
    i.RCC_APB1PeriphResetCmd                 0x0800bacc   Section        0  stm32f10x_rcc.o(i.RCC_APB1PeriphResetCmd)
    i.RCC_APB2PeriphClockCmd                 0x0800bae4   Section        0  stm32f10x_rcc.o(i.RCC_APB2PeriphClockCmd)
    i.RCC_APB2PeriphResetCmd                 0x0800bafc   Section        0  stm32f10x_rcc.o(i.RCC_APB2PeriphResetCmd)
    i.RCC_GetClocksFreq                      0x0800bb14   Section        0  stm32f10x_rcc.o(i.RCC_GetClocksFreq)
    i.SPIByte                                0x0800bba4   Section        0  up_lcd.o(i.SPIByte)
    i.SetSysClockTo72                        0x0800bbe0   Section        0  system_stm32f10x.o(i.SetSysClockTo72)
    SetSysClockTo72                          0x0800bbe1   Thumb Code   160  system_stm32f10x.o(i.SetSysClockTo72)
    i.SysTick_Handler                        0x0800bc88   Section        0  up_it.o(i.SysTick_Handler)
    i.SystemInit                             0x0800bc8c   Section        0  system_stm32f10x.o(i.SystemInit)
    i.TIM3_IRQHandler                        0x0800bcdc   Section        0  up_it.o(i.TIM3_IRQHandler)
    i.TIM_ClearITPendingBit                  0x0800bce0   Section        0  stm32f10x_tim.o(i.TIM_ClearITPendingBit)
    i.TIM_Cmd                                0x0800bce6   Section        0  stm32f10x_tim.o(i.TIM_Cmd)
    i.TIM_CtrlPWMOutputs                     0x0800bcfa   Section        0  stm32f10x_tim.o(i.TIM_CtrlPWMOutputs)
    i.TIM_DeInit                             0x0800bd10   Section        0  stm32f10x_tim.o(i.TIM_DeInit)
    i.TIM_GetITStatus                        0x0800be80   Section        0  stm32f10x_tim.o(i.TIM_GetITStatus)
    i.TIM_ITConfig                           0x0800be98   Section        0  stm32f10x_tim.o(i.TIM_ITConfig)
    i.TIM_OC1Init                            0x0800bea8   Section        0  stm32f10x_tim.o(i.TIM_OC1Init)
    i.TIM_OC2Init                            0x0800bf28   Section        0  stm32f10x_tim.o(i.TIM_OC2Init)
    i.TIM_OC3Init                            0x0800bfa8   Section        0  stm32f10x_tim.o(i.TIM_OC3Init)
    i.TIM_OC4Init                            0x0800c024   Section        0  stm32f10x_tim.o(i.TIM_OC4Init)
    i.TIM_TimeBaseInit                       0x0800c088   Section        0  stm32f10x_tim.o(i.TIM_TimeBaseInit)
    i.UART4_IRQHandler                       0x0800c124   Section        0  up_it.o(i.UART4_IRQHandler)
    i.UART5_IRQHandler                       0x0800c17c   Section        0  up_it.o(i.UART5_IRQHandler)
    i.UP_ADC_DMAConfiguration                0x0800c1d4   Section        0  up_adc.o(i.UP_ADC_DMAConfiguration)
    i.UP_ADC_GetValue                        0x0800c230   Section        0  up_adc.o(i.UP_ADC_GetValue)
    i.UP_ADC_Init                            0x0800c244   Section        0  up_adc.o(i.UP_ADC_Init)
    i.UP_CDS_SetSpeed                        0x0800c3cc   Section        0  up_cds5500.o(i.UP_CDS_SetSpeed)
    i.UP_Exti_Init                           0x0800c418   Section        0  up_exti.o(i.UP_Exti_Init)
    i.UP_IOout_AllLow                        0x0800c54c   Section        0  up_ioout.o(i.UP_IOout_AllLow)
    i.UP_IOout_GPIOInit                      0x0800c574   Section        0  up_ioout.o(i.UP_IOout_GPIOInit)
    i.UP_IOout_Init                          0x0800c5d4   Section        0  up_ioout.o(i.UP_IOout_Init)
    i.UP_Key_Init                            0x0800c5d8   Section        0  up_key.o(i.UP_Key_Init)
    i.UP_LCD_ClearScreen                     0x0800c630   Section        0  up_lcd.o(i.UP_LCD_ClearScreen)
    i.UP_LCD_Fill                            0x0800c648   Section        0  up_lcd.o(i.UP_LCD_Fill)
    i.UP_LCD_Init                            0x0800c68c   Section        0  up_lcd.o(i.UP_LCD_Init)
    i.UP_LCD_Turn                            0x0800c78c   Section        0  up_lcd.o(i.UP_LCD_Turn)
    i.UP_NVIC_Configuration                  0x0800c79c   Section        0  up_nvic.o(i.UP_NVIC_Configuration)
    i.UP_PWM_Init                            0x0800c940   Section        0  up_pwm.o(i.UP_PWM_Init)
    i.UP_System_Init                         0x0800c9ec   Section        0  up_system.o(i.UP_System_Init)
    i.UP_Timer_Init                          0x0800ca1c   Section        0  up_timer.o(i.UP_Timer_Init)
    i.UP_Timer_Pro                           0x0800cb30   Section        0  up_timer.o(i.UP_Timer_Pro)
    i.UP_UART_DMAConfiguration               0x0800cd38   Section        0  up_uart.o(i.UP_UART_DMAConfiguration)
    i.UP_UART_Init                           0x0800cd98   Section        0  up_uart.o(i.UP_UART_Init)
    i.UP_Uart3_SendCDSFrame                  0x0800d080   Section        0  up_uart.o(i.UP_Uart3_SendCDSFrame)
    i.UP_delay_ms                            0x0800d118   Section        0  up_globle.o(i.UP_delay_ms)
    i.UP_delay_us                            0x0800d132   Section        0  up_globle.o(i.UP_delay_us)
    i.USART1_IRQHandler                      0x0800d148   Section        0  up_it.o(i.USART1_IRQHandler)
    i.USART3_IRQHandler                      0x0800d1a0   Section        0  up_vga.o(i.USART3_IRQHandler)
    i.USART_ClearFlag                        0x0800d1ec   Section        0  stm32f10x_usart.o(i.USART_ClearFlag)
    i.USART_ClearITPendingBit                0x0800d1f2   Section        0  stm32f10x_usart.o(i.USART_ClearITPendingBit)
    i.USART_ClockInit                        0x0800d1fe   Section        0  stm32f10x_usart.o(i.USART_ClockInit)
    i.USART_Cmd                              0x0800d21c   Section        0  stm32f10x_usart.o(i.USART_Cmd)
    i.USART_DMACmd                           0x0800d230   Section        0  stm32f10x_usart.o(i.USART_DMACmd)
    i.USART_GetFlagStatus                    0x0800d240   Section        0  stm32f10x_usart.o(i.USART_GetFlagStatus)
    i.USART_GetITStatus                      0x0800d24e   Section        0  stm32f10x_usart.o(i.USART_GetITStatus)
    i.USART_ITConfig                         0x0800d28c   Section        0  stm32f10x_usart.o(i.USART_ITConfig)
    i.USART_Init                             0x0800d2bc   Section        0  stm32f10x_usart.o(i.USART_Init)
    i.USART_ReceiveData                      0x0800d368   Section        0  stm32f10x_usart.o(i.USART_ReceiveData)
    i.__scatterload_copy                     0x0800d370   Section       14  handlers.o(i.__scatterload_copy)
    i.__scatterload_null                     0x0800d37e   Section        2  handlers.o(i.__scatterload_null)
    i.__scatterload_zeroinit                 0x0800d380   Section       14  handlers.o(i.__scatterload_zeroinit)
    i.enermy                                 0x0800d390   Section        0  control.o(i.enermy)
    i.fight                                  0x0800d408   Section        0  control.o(i.fight)
    i.main                                   0x0800d468   Section        0  main.o(i.main)
    i.main_control                           0x0800d4c0   Section        0  control.o(i.main_control)
    i.move                                   0x0800d734   Section        0  control.o(i.move)
    i.scan                                   0x0800d784   Section        0  control.o(i.scan)
    i.shangtai                               0x0800d810   Section        0  control.o(i.shangtai)
    i.wander                                 0x0800d854   Section        0  control.o(i.wander)
    i.wheel_135_L                            0x0800d87c   Section        0  control.o(i.wheel_135_L)
    i.wheel_135_R                            0x0800d89c   Section        0  control.o(i.wheel_135_R)
    i.wheel_180                              0x0800d8c0   Section        0  control.o(i.wheel_180)
    i.wheel_45_L                             0x0800d8e0   Section        0  control.o(i.wheel_45_L)
    i.wheel_45_R                             0x0800d900   Section        0  control.o(i.wheel_45_R)
    i.wheel_90_L                             0x0800d924   Section        0  control.o(i.wheel_90_L)
    i.wheel_90_R                             0x0800d944   Section        0  control.o(i.wheel_90_R)
    .data                                    0x20000000   Section       20  stm32f10x_rcc.o(.data)
    ADCPrescTable                            0x20000000   Data           4  stm32f10x_rcc.o(.data)
    APBAHBPrescTable                         0x20000004   Data          16  stm32f10x_rcc.o(.data)
    .data                                    0x20000014   Section       20  system_stm32f10x.o(.data)
    .data                                    0x20000028   Section        1  up_globle.o(.data)
    .data                                    0x2000002c   Section        4  up_globle.o(.data)
    .data                                    0x20000030   Section        4  up_globle.o(.data)
    .data                                    0x20000034   Section        1  up_globle.o(.data)
    .data                                    0x20000038   Section        4  up_globle.o(.data)
    .data                                    0x2000003c   Section        4  up_globle.o(.data)
    .data                                    0x20000040   Section        1  up_globle.o(.data)
    .data                                    0x20000044   Section        4  up_globle.o(.data)
    .data                                    0x20000048   Section        4  up_globle.o(.data)
    .data                                    0x2000004c   Section        4  up_globle.o(.data)
    .data                                    0x20000050   Section        4  up_globle.o(.data)
    .data                                    0x20000054   Section        4  up_globle.o(.data)
    .data                                    0x20000058   Section        4  up_globle.o(.data)
    .data                                    0x2000005c   Section        4  up_globle.o(.data)
    .data                                    0x20000060   Section        4  up_globle.o(.data)
    .data                                    0x20000064   Section        4  up_globle.o(.data)
    .data                                    0x20000068   Section        3  up_lcd.o(.data)
    s_bClearScreen                           0x2000006a   Data           1  up_lcd.o(.data)
    .data                                    0x2000006b   Section        2  up_uart.o(.data)
    .data                                    0x20000070   Section       36  up_timer.o(.data)
    .data                                    0x20000094   Section       57  up_vga.o(.data)
    sum                                      0x20000097   Data           1  up_vga.o(.data)
    count                                    0x20000098   Data           1  up_vga.o(.data)
    data_count                               0x20000099   Data           1  up_vga.o(.data)
    Count                                    0x200000b8   Data           4  up_vga.o(.data)
    Count2                                   0x200000bc   Data           4  up_vga.o(.data)
    Count3                                   0x200000c0   Data           4  up_vga.o(.data)
    .data                                    0x200000d0   Section       96  control.o(.data)
    .bss                                     0x20000130   Section       32  up_adc.o(.bss)
    .bss                                     0x20000150   Section      420  up_uart.o(.bss)
    .bss                                     0x200002f4   Section       16  up_timer.o(.bss)
    .bss                                     0x20000304   Section       16  up_pwm.o(.bss)
    STACK                                    0x20000318   Section     1024  startup_stm32f10x_hd.o(STACK)

    Global Symbols

    Symbol Name                              Value     Ov Type        Size  Object(Section)

    BuildAttributes$$THM_ISAv4$P$D$K$B$S$PE$A:L22UL41UL21$X:L11$S22US41US21$IEEE1$IW$USESV6$~STKCKD$USESV7$~SHL$OTIME$ROPI$EBA8$MICROLIB$REQ8$PRES8$EABIv2 0x00000000   Number         0  anon$$obj.o ABSOLUTE
    __ARM_use_no_argv                        0x00000000   Number         0  main.o ABSOLUTE
    __cpp_initialize__aeabi_                  - Undefined Weak Reference
    __cxa_finalize                            - Undefined Weak Reference
    _clock_init                               - Undefined Weak Reference
    _microlib_exit                            - Undefined Weak Reference
    __Vectors_Size                           0x00000130   Number         0  startup_stm32f10x_hd.o ABSOLUTE
    __Vectors                                0x0800b000   Data           4  startup_stm32f10x_hd.o(RESET)
    __Vectors_End                            0x0800b130   Data           0  startup_stm32f10x_hd.o(RESET)
    __main                                   0x0800b131   Thumb Code     0  entry.o(.ARM.Collect$$$$00000000)
    _main_stk                                0x0800b131   Thumb Code     0  entry2.o(.ARM.Collect$$$$00000001)
    _main_scatterload                        0x0800b135   Thumb Code     0  entry5.o(.ARM.Collect$$$$00000004)
    __main_after_scatterload                 0x0800b139   Thumb Code     0  entry5.o(.ARM.Collect$$$$00000004)
    _main_clock                              0x0800b139   Thumb Code     0  entry7b.o(.ARM.Collect$$$$00000008)
    _main_cpp_init                           0x0800b139   Thumb Code     0  entry8b.o(.ARM.Collect$$$$0000000A)
    _main_init                               0x0800b139   Thumb Code     0  entry9a.o(.ARM.Collect$$$$0000000B)
    __rt_final_cpp                           0x0800b141   Thumb Code     0  entry10a.o(.ARM.Collect$$$$0000000D)
    __rt_final_exit                          0x0800b141   Thumb Code     0  entry11a.o(.ARM.Collect$$$$0000000F)
    Reset_Handler                            0x0800b145   Thumb Code     8  startup_stm32f10x_hd.o(.text)
    NMI_Handler                              0x0800b14d   Thumb Code     2  startup_stm32f10x_hd.o(.text)
    HardFault_Handler                        0x0800b14f   Thumb Code     2  startup_stm32f10x_hd.o(.text)
    MemManage_Handler                        0x0800b151   Thumb Code     2  startup_stm32f10x_hd.o(.text)
    BusFault_Handler                         0x0800b153   Thumb Code     2  startup_stm32f10x_hd.o(.text)
    UsageFault_Handler                       0x0800b155   Thumb Code     2  startup_stm32f10x_hd.o(.text)
    SVC_Handler                              0x0800b157   Thumb Code     2  startup_stm32f10x_hd.o(.text)
    DebugMon_Handler                         0x0800b159   Thumb Code     2  startup_stm32f10x_hd.o(.text)
    PendSV_Handler                           0x0800b15b   Thumb Code     2  startup_stm32f10x_hd.o(.text)
    ADC1_2_IRQHandler                        0x0800b15f   Thumb Code     0  startup_stm32f10x_hd.o(.text)
    ADC3_IRQHandler                          0x0800b15f   Thumb Code     0  startup_stm32f10x_hd.o(.text)
    CAN1_RX1_IRQHandler                      0x0800b15f   Thumb Code     0  startup_stm32f10x_hd.o(.text)
    CAN1_SCE_IRQHandler                      0x0800b15f   Thumb Code     0  startup_stm32f10x_hd.o(.text)
    DMA1_Channel3_IRQHandler                 0x0800b15f   Thumb Code     0  startup_stm32f10x_hd.o(.text)
    DMA1_Channel4_IRQHandler                 0x0800b15f   Thumb Code     0  startup_stm32f10x_hd.o(.text)
    DMA1_Channel5_IRQHandler                 0x0800b15f   Thumb Code     0  startup_stm32f10x_hd.o(.text)
    DMA1_Channel6_IRQHandler                 0x0800b15f   Thumb Code     0  startup_stm32f10x_hd.o(.text)
    DMA1_Channel7_IRQHandler                 0x0800b15f   Thumb Code     0  startup_stm32f10x_hd.o(.text)
    DMA2_Channel1_IRQHandler                 0x0800b15f   Thumb Code     0  startup_stm32f10x_hd.o(.text)
    DMA2_Channel2_IRQHandler                 0x0800b15f   Thumb Code     0  startup_stm32f10x_hd.o(.text)
    DMA2_Channel3_IRQHandler                 0x0800b15f   Thumb Code     0  startup_stm32f10x_hd.o(.text)
    DMA2_Channel4_5_IRQHandler               0x0800b15f   Thumb Code     0  startup_stm32f10x_hd.o(.text)
    FLASH_IRQHandler                         0x0800b15f   Thumb Code     0  startup_stm32f10x_hd.o(.text)
    FSMC_IRQHandler                          0x0800b15f   Thumb Code     0  startup_stm32f10x_hd.o(.text)
    I2C1_ER_IRQHandler                       0x0800b15f   Thumb Code     0  startup_stm32f10x_hd.o(.text)
    I2C1_EV_IRQHandler                       0x0800b15f   Thumb Code     0  startup_stm32f10x_hd.o(.text)
    I2C2_ER_IRQHandler                       0x0800b15f   Thumb Code     0  startup_stm32f10x_hd.o(.text)
    I2C2_EV_IRQHandler                       0x0800b15f   Thumb Code     0  startup_stm32f10x_hd.o(.text)
    PVD_IRQHandler                           0x0800b15f   Thumb Code     0  startup_stm32f10x_hd.o(.text)
    RCC_IRQHandler                           0x0800b15f   Thumb Code     0  startup_stm32f10x_hd.o(.text)
    RTCAlarm_IRQHandler                      0x0800b15f   Thumb Code     0  startup_stm32f10x_hd.o(.text)
    RTC_IRQHandler                           0x0800b15f   Thumb Code     0  startup_stm32f10x_hd.o(.text)
    SDIO_IRQHandler                          0x0800b15f   Thumb Code     0  startup_stm32f10x_hd.o(.text)
    SPI1_IRQHandler                          0x0800b15f   Thumb Code     0  startup_stm32f10x_hd.o(.text)
    SPI2_IRQHandler                          0x0800b15f   Thumb Code     0  startup_stm32f10x_hd.o(.text)
    SPI3_IRQHandler                          0x0800b15f   Thumb Code     0  startup_stm32f10x_hd.o(.text)
    TAMPER_IRQHandler                        0x0800b15f   Thumb Code     0  startup_stm32f10x_hd.o(.text)
    TIM1_BRK_IRQHandler                      0x0800b15f   Thumb Code     0  startup_stm32f10x_hd.o(.text)
    TIM1_CC_IRQHandler                       0x0800b15f   Thumb Code     0  startup_stm32f10x_hd.o(.text)
    TIM1_TRG_COM_IRQHandler                  0x0800b15f   Thumb Code     0  startup_stm32f10x_hd.o(.text)
    TIM1_UP_IRQHandler                       0x0800b15f   Thumb Code     0  startup_stm32f10x_hd.o(.text)
    TIM2_IRQHandler                          0x0800b15f   Thumb Code     0  startup_stm32f10x_hd.o(.text)
    TIM4_IRQHandler                          0x0800b15f   Thumb Code     0  startup_stm32f10x_hd.o(.text)
    TIM5_IRQHandler                          0x0800b15f   Thumb Code     0  startup_stm32f10x_hd.o(.text)
    TIM6_IRQHandler                          0x0800b15f   Thumb Code     0  startup_stm32f10x_hd.o(.text)
    TIM7_IRQHandler                          0x0800b15f   Thumb Code     0  startup_stm32f10x_hd.o(.text)
    TIM8_BRK_IRQHandler                      0x0800b15f   Thumb Code     0  startup_stm32f10x_hd.o(.text)
    TIM8_CC_IRQHandler                       0x0800b15f   Thumb Code     0  startup_stm32f10x_hd.o(.text)
    TIM8_TRG_COM_IRQHandler                  0x0800b15f   Thumb Code     0  startup_stm32f10x_hd.o(.text)
    TIM8_UP_IRQHandler                       0x0800b15f   Thumb Code     0  startup_stm32f10x_hd.o(.text)
    USART2_IRQHandler                        0x0800b15f   Thumb Code     0  startup_stm32f10x_hd.o(.text)
    USBWakeUp_IRQHandler                     0x0800b15f   Thumb Code     0  startup_stm32f10x_hd.o(.text)
    USB_HP_CAN1_TX_IRQHandler                0x0800b15f   Thumb Code     0  startup_stm32f10x_hd.o(.text)
    USB_LP_CAN1_RX0_IRQHandler               0x0800b15f   Thumb Code     0  startup_stm32f10x_hd.o(.text)
    WWDG_IRQHandler                          0x0800b15f   Thumb Code     0  startup_stm32f10x_hd.o(.text)
    __scatterload                            0x0800b169   Thumb Code    28  init.o(.text)
    __scatterload_rt2                        0x0800b169   Thumb Code     0  init.o(.text)
    __decompress                             0x0800b18d   Thumb Code     0  __dczerorl2.o(.text)
    __decompress1                            0x0800b18d   Thumb Code    86  __dczerorl2.o(.text)
    ADC_Cmd                                  0x0800b1e3   Thumb Code    20  stm32f10x_adc.o(i.ADC_Cmd)
    ADC_DMACmd                               0x0800b1f7   Thumb Code    20  stm32f10x_adc.o(i.ADC_DMACmd)
    ADC_GetCalibrationStatus                 0x0800b20b   Thumb Code    14  stm32f10x_adc.o(i.ADC_GetCalibrationStatus)
    ADC_GetResetCalibrationStatus            0x0800b219   Thumb Code    14  stm32f10x_adc.o(i.ADC_GetResetCalibrationStatus)
    ADC_Init                                 0x0800b229   Thumb Code    62  stm32f10x_adc.o(i.ADC_Init)
    ADC_RegularChannelConfig                 0x0800b271   Thumb Code   116  stm32f10x_adc.o(i.ADC_RegularChannelConfig)
    ADC_ResetCalibration                     0x0800b2e5   Thumb Code    10  stm32f10x_adc.o(i.ADC_ResetCalibration)
    ADC_SoftwareStartConvCmd                 0x0800b2ef   Thumb Code    20  stm32f10x_adc.o(i.ADC_SoftwareStartConvCmd)
    ADC_StartCalibration                     0x0800b303   Thumb Code    10  stm32f10x_adc.o(i.ADC_StartCalibration)
    CDS_UARTHadler                           0x0800b30d   Thumb Code   144  up_vga.o(i.CDS_UARTHadler)
    CheckCDSSend                             0x0800b3a1   Thumb Code    68  up_uart.o(i.CheckCDSSend)
    DMA1_Channel1_IRQHandler                 0x0800b3f5   Thumb Code    24  up_it.o(i.DMA1_Channel1_IRQHandler)
    DMA1_Channel2_IRQHandler                 0x0800b40d   Thumb Code    40  up_it.o(i.DMA1_Channel2_IRQHandler)
    DMA_ClearITPendingBit                    0x0800b43d   Thumb Code    16  stm32f10x_dma.o(i.DMA_ClearITPendingBit)
    DMA_Cmd                                  0x0800b455   Thumb Code    22  stm32f10x_dma.o(i.DMA_Cmd)
    DMA_DeInit                               0x0800b46d   Thumb Code   218  stm32f10x_dma.o(i.DMA_DeInit)
    DMA_GetITStatus                          0x0800b551   Thumb Code    24  stm32f10x_dma.o(i.DMA_GetITStatus)
    DMA_ITConfig                             0x0800b571   Thumb Code    16  stm32f10x_dma.o(i.DMA_ITConfig)
    DMA_Init                                 0x0800b581   Thumb Code    58  stm32f10x_dma.o(i.DMA_Init)
    Delay_ms                                 0x0800b5bb   Thumb Code    26  up_lcd.o(i.Delay_ms)
    Delay_us                                 0x0800b5d5   Thumb Code    22  up_lcd.o(i.Delay_us)
    EXTI0_IRQHandler                         0x0800b5eb   Thumb Code     6  up_it.o(i.EXTI0_IRQHandler)
    EXTI15_10_IRQHandler                     0x0800b5f1   Thumb Code    78  up_it.o(i.EXTI15_10_IRQHandler)
    EXTI1_IRQHandler                         0x0800b63f   Thumb Code     6  up_it.o(i.EXTI1_IRQHandler)
    EXTI2_IRQHandler                         0x0800b645   Thumb Code     6  up_it.o(i.EXTI2_IRQHandler)
    EXTI3_IRQHandler                         0x0800b64b   Thumb Code     6  up_it.o(i.EXTI3_IRQHandler)
    EXTI4_IRQHandler                         0x0800b651   Thumb Code     6  up_it.o(i.EXTI4_IRQHandler)
    EXTI9_5_IRQHandler                       0x0800b657   Thumb Code    74  up_it.o(i.EXTI9_5_IRQHandler)
    EXTI_GetITStatus                         0x0800b6a1   Thumb Code    28  stm32f10x_exti.o(i.EXTI_GetITStatus)
    EXTI_IRQHandler                          0x0800b6c1   Thumb Code    20  up_it.o(i.EXTI_IRQHandler)
    Edge                                     0x0800b6dd   Thumb Code   270  control.o(i.Edge)
    GPIO_EXTILineConfig                      0x0800b7f1   Thumb Code    34  stm32f10x_gpio.o(i.GPIO_EXTILineConfig)
    GPIO_Init                                0x0800b819   Thumb Code   162  stm32f10x_gpio.o(i.GPIO_Init)
    GPIO_PinRemapConfig                      0x0800b8bd   Thumb Code    82  stm32f10x_gpio.o(i.GPIO_PinRemapConfig)
    GPIO_ResetBits                           0x0800b915   Thumb Code     4  stm32f10x_gpio.o(i.GPIO_ResetBits)
    LCD_WriteCmd                             0x0800b919   Thumb Code    88  up_lcd.o(i.LCD_WriteCmd)
    LCD_WriteData                            0x0800b975   Thumb Code    70  up_lcd.o(i.LCD_WriteData)
    Lcds_Config                              0x0800b9c1   Thumb Code    72  up_lcd.o(i.Lcds_Config)
    NVIC_Init                                0x0800ba11   Thumb Code    94  misc.o(i.NVIC_Init)
    NVIC_PriorityGroupConfig                 0x0800ba75   Thumb Code    10  misc.o(i.NVIC_PriorityGroupConfig)
    NVIC_SetVectorTable                      0x0800ba89   Thumb Code    12  misc.o(i.NVIC_SetVectorTable)
    RCC_AHBPeriphClockCmd                    0x0800ba9d   Thumb Code    18  stm32f10x_rcc.o(i.RCC_AHBPeriphClockCmd)
    RCC_APB1PeriphClockCmd                   0x0800bab5   Thumb Code    18  stm32f10x_rcc.o(i.RCC_APB1PeriphClockCmd)
    RCC_APB1PeriphResetCmd                   0x0800bacd   Thumb Code    18  stm32f10x_rcc.o(i.RCC_APB1PeriphResetCmd)
    RCC_APB2PeriphClockCmd                   0x0800bae5   Thumb Code    18  stm32f10x_rcc.o(i.RCC_APB2PeriphClockCmd)
    RCC_APB2PeriphResetCmd                   0x0800bafd   Thumb Code    18  stm32f10x_rcc.o(i.RCC_APB2PeriphResetCmd)
    RCC_GetClocksFreq                        0x0800bb15   Thumb Code   128  stm32f10x_rcc.o(i.RCC_GetClocksFreq)
    SPIByte                                  0x0800bba5   Thumb Code    56  up_lcd.o(i.SPIByte)
    SysTick_Handler                          0x0800bc89   Thumb Code     4  up_it.o(i.SysTick_Handler)
    SystemInit                               0x0800bc8d   Thumb Code    64  system_stm32f10x.o(i.SystemInit)
    TIM3_IRQHandler                          0x0800bcdd   Thumb Code     4  up_it.o(i.TIM3_IRQHandler)
    TIM_ClearITPendingBit                    0x0800bce1   Thumb Code     6  stm32f10x_tim.o(i.TIM_ClearITPendingBit)
    TIM_Cmd                                  0x0800bce7   Thumb Code    20  stm32f10x_tim.o(i.TIM_Cmd)
    TIM_CtrlPWMOutputs                       0x0800bcfb   Thumb Code    22  stm32f10x_tim.o(i.TIM_CtrlPWMOutputs)
    TIM_DeInit                               0x0800bd11   Thumb Code   304  stm32f10x_tim.o(i.TIM_DeInit)
    TIM_GetITStatus                          0x0800be81   Thumb Code    24  stm32f10x_tim.o(i.TIM_GetITStatus)
    TIM_ITConfig                             0x0800be99   Thumb Code    16  stm32f10x_tim.o(i.TIM_ITConfig)
    TIM_OC1Init                              0x0800bea9   Thumb Code   106  stm32f10x_tim.o(i.TIM_OC1Init)
    TIM_OC2Init                              0x0800bf29   Thumb Code   120  stm32f10x_tim.o(i.TIM_OC2Init)
    TIM_OC3Init                              0x0800bfa9   Thumb Code   116  stm32f10x_tim.o(i.TIM_OC3Init)
    TIM_OC4Init                              0x0800c025   Thumb Code    90  stm32f10x_tim.o(i.TIM_OC4Init)
    TIM_TimeBaseInit                         0x0800c089   Thumb Code   114  stm32f10x_tim.o(i.TIM_TimeBaseInit)
    UART4_IRQHandler                         0x0800c125   Thumb Code    78  up_it.o(i.UART4_IRQHandler)
    UART5_IRQHandler                         0x0800c17d   Thumb Code    78  up_it.o(i.UART5_IRQHandler)
    UP_ADC_DMAConfiguration                  0x0800c1d5   Thumb Code    80  up_adc.o(i.UP_ADC_DMAConfiguration)
    UP_ADC_GetValue                          0x0800c231   Thumb Code    16  up_adc.o(i.UP_ADC_GetValue)
    UP_ADC_Init                              0x0800c245   Thumb Code   376  up_adc.o(i.UP_ADC_Init)
    UP_CDS_SetSpeed                          0x0800c3cd   Thumb Code    76  up_cds5500.o(i.UP_CDS_SetSpeed)
    UP_Exti_Init                             0x0800c419   Thumb Code   294  up_exti.o(i.UP_Exti_Init)
    UP_IOout_AllLow                          0x0800c54d   Thumb Code    32  up_ioout.o(i.UP_IOout_AllLow)
    UP_IOout_GPIOInit                        0x0800c575   Thumb Code    80  up_ioout.o(i.UP_IOout_GPIOInit)
    UP_IOout_Init                            0x0800c5d5   Thumb Code     4  up_ioout.o(i.UP_IOout_Init)
    UP_Key_Init                              0x0800c5d9   Thumb Code    78  up_key.o(i.UP_Key_Init)
    UP_LCD_ClearScreen                       0x0800c631   Thumb Code    18  up_lcd.o(i.UP_LCD_ClearScreen)
    UP_LCD_Fill                              0x0800c649   Thumb Code    66  up_lcd.o(i.UP_LCD_Fill)
    UP_LCD_Init                              0x0800c68d   Thumb Code   250  up_lcd.o(i.UP_LCD_Init)
    UP_LCD_Turn                              0x0800c78d   Thumb Code    14  up_lcd.o(i.UP_LCD_Turn)
    UP_NVIC_Configuration                    0x0800c79d   Thumb Code   396  up_nvic.o(i.UP_NVIC_Configuration)
    UP_PWM_Init                              0x0800c941   Thumb Code   158  up_pwm.o(i.UP_PWM_Init)
    UP_System_Init                           0x0800c9ed   Thumb Code    46  up_system.o(i.UP_System_Init)
    UP_Timer_Init                            0x0800ca1d   Thumb Code   264  up_timer.o(i.UP_Timer_Init)
    UP_Timer_Pro                             0x0800cb31   Thumb Code   484  up_timer.o(i.UP_Timer_Pro)
    UP_UART_DMAConfiguration                 0x0800cd39   Thumb Code    86  up_uart.o(i.UP_UART_DMAConfiguration)
    UP_UART_Init                             0x0800cd99   Thumb Code   680  up_uart.o(i.UP_UART_Init)
    UP_Uart3_SendCDSFrame                    0x0800d081   Thumb Code   142  up_uart.o(i.UP_Uart3_SendCDSFrame)
    UP_delay_ms                              0x0800d119   Thumb Code    26  up_globle.o(i.UP_delay_ms)
    UP_delay_us                              0x0800d133   Thumb Code    22  up_globle.o(i.UP_delay_us)
    USART1_IRQHandler                        0x0800d149   Thumb Code    78  up_it.o(i.USART1_IRQHandler)
    USART3_IRQHandler                        0x0800d1a1   Thumb Code    72  up_vga.o(i.USART3_IRQHandler)
    USART_ClearFlag                          0x0800d1ed   Thumb Code     6  stm32f10x_usart.o(i.USART_ClearFlag)
    USART_ClearITPendingBit                  0x0800d1f3   Thumb Code    12  stm32f10x_usart.o(i.USART_ClearITPendingBit)
    USART_ClockInit                          0x0800d1ff   Thumb Code    30  stm32f10x_usart.o(i.USART_ClockInit)
    USART_Cmd                                0x0800d21d   Thumb Code    20  stm32f10x_usart.o(i.USART_Cmd)
    USART_DMACmd                             0x0800d231   Thumb Code    16  stm32f10x_usart.o(i.USART_DMACmd)
    USART_GetFlagStatus                      0x0800d241   Thumb Code    14  stm32f10x_usart.o(i.USART_GetFlagStatus)
    USART_GetITStatus                        0x0800d24f   Thumb Code    62  stm32f10x_usart.o(i.USART_GetITStatus)
    USART_ITConfig                           0x0800d28d   Thumb Code    48  stm32f10x_usart.o(i.USART_ITConfig)
    USART_Init                               0x0800d2bd   Thumb Code   166  stm32f10x_usart.o(i.USART_Init)
    USART_ReceiveData                        0x0800d369   Thumb Code     8  stm32f10x_usart.o(i.USART_ReceiveData)
    __scatterload_copy                       0x0800d371   Thumb Code    14  handlers.o(i.__scatterload_copy)
    __scatterload_null                       0x0800d37f   Thumb Code     2  handlers.o(i.__scatterload_null)
    __scatterload_zeroinit                   0x0800d381   Thumb Code    14  handlers.o(i.__scatterload_zeroinit)
    enermy                                   0x0800d391   Thumb Code   116  control.o(i.enermy)
    fight                                    0x0800d409   Thumb Code    88  control.o(i.fight)
    main                                     0x0800d469   Thumb Code    70  main.o(i.main)
    main_control                             0x0800d4c1   Thumb Code   618  control.o(i.main_control)
    move                                     0x0800d735   Thumb Code    76  control.o(i.move)
    scan                                     0x0800d785   Thumb Code   134  control.o(i.scan)
    shangtai                                 0x0800d811   Thumb Code    60  control.o(i.shangtai)
    wander                                   0x0800d855   Thumb Code    34  control.o(i.wander)
    wheel_135_L                              0x0800d87d   Thumb Code    32  control.o(i.wheel_135_L)
    wheel_135_R                              0x0800d89d   Thumb Code    30  control.o(i.wheel_135_R)
    wheel_180                                0x0800d8c1   Thumb Code    32  control.o(i.wheel_180)
    wheel_45_L                               0x0800d8e1   Thumb Code    32  control.o(i.wheel_45_L)
    wheel_45_R                               0x0800d901   Thumb Code    30  control.o(i.wheel_45_R)
    wheel_90_L                               0x0800d925   Thumb Code    32  control.o(i.wheel_90_L)
    wheel_90_R                               0x0800d945   Thumb Code    30  control.o(i.wheel_90_R)
    Region$$Table$$Base                      0x0800d968   Number         0  anon$$obj.o(Region$$Table)
    Region$$Table$$Limit                     0x0800d988   Number         0  anon$$obj.o(Region$$Table)
    SystemCoreClock                          0x20000014   Data           4  system_stm32f10x.o(.data)
    AHBPrescTable                            0x20000018   Data          16  system_stm32f10x.o(.data)
    g_UP_bBluetoothIT                        0x20000028   Data           1  up_globle.o(.data)
    g_UP_BluetoothBaudRate                   0x2000002c   Data           4  up_globle.o(.data)
    g_UP_BluetoothITAddress                  0x20000030   Data           4  up_globle.o(.data)
    g_UP_bZigbeeIT                           0x20000034   Data           1  up_globle.o(.data)
    g_UP_ZigbeeBaudRate                      0x20000038   Data           4  up_globle.o(.data)
    g_UP_ZigbeeITAddress                     0x2000003c   Data           4  up_globle.o(.data)
    g_UP_bUSR232IT                           0x20000040   Data           1  up_globle.o(.data)
    g_UP_USR232BaudRate                      0x20000044   Data           4  up_globle.o(.data)
    g_UP_USR232ITAddress                     0x20000048   Data           4  up_globle.o(.data)
    g_UP_bTimerIT                            0x2000004c   Data           4  up_globle.o(.data)
    g_UP_Timer0ITAddress                     0x20000050   Data           4  up_globle.o(.data)
    g_UP_Timer1ITAddress                     0x20000054   Data           4  up_globle.o(.data)
    g_UP_Timer2ITAddress                     0x20000058   Data           4  up_globle.o(.data)
    g_UP_Timer3ITAddress                     0x2000005c   Data           4  up_globle.o(.data)
    g_UP_ExtiFlag                            0x20000060   Data           4  up_globle.o(.data)
    g_UP_ExtiITAddress                       0x20000064   Data           4  up_globle.o(.data)
    g_LCD_X                                  0x20000068   Data           1  up_lcd.o(.data)
    g_LCD_Y                                  0x20000069   Data           1  up_lcd.o(.data)
    g_CDSFrames_Tail                         0x2000006b   Data           1  up_uart.o(.data)
    g_CDSFrames_Head                         0x2000006c   Data           1  up_uart.o(.data)
    g_UP_iTimerCount                         0x20000070   Data           4  up_timer.o(.data)
    g_UP_TimerCCRVal_L16                     0x20000074   Data           8  up_timer.o(.data)
    g_UP_TimerCCRVal_H16                     0x2000007c   Data           8  up_timer.o(.data)
    g_UP_TempCCRVal_L16                      0x20000084   Data           8  up_timer.o(.data)
    g_UP_TempCCRVal_H16                      0x2000008c   Data           8  up_timer.o(.data)
    UP_VGA_ForwardSign                       0x20000094   Data           1  up_vga.o(.data)
    UP_VGA_CrossSign                         0x20000095   Data           1  up_vga.o(.data)
    UP_VGA_CrossSign2                        0x20000096   Data           1  up_vga.o(.data)
    CDS_LEN                                  0x2000009a   Data           1  up_vga.o(.data)
    UP_VGA_TrackSign                         0x2000009b   Data           1  up_vga.o(.data)
    iLeft                                    0x2000009c   Data           1  up_vga.o(.data)
    iMid                                     0x2000009d   Data           1  up_vga.o(.data)
    iRight                                   0x2000009e   Data           1  up_vga.o(.data)
    iLeft2                                   0x2000009f   Data           1  up_vga.o(.data)
    iLeft3                                   0x200000a0   Data           1  up_vga.o(.data)
    iRight2                                  0x200000a1   Data           1  up_vga.o(.data)
    iRight3                                  0x200000a2   Data           1  up_vga.o(.data)
    UP_VGA_ProAdcChannel                     0x200000a3   Data           1  up_vga.o(.data)
    speed                                    0x200000a4   Data           2  up_vga.o(.data)
    Speed1                                   0x200000a6   Data           2  up_vga.o(.data)
    Speed2                                   0x200000a8   Data           2  up_vga.o(.data)
    Speed3                                   0x200000aa   Data           2  up_vga.o(.data)
    Speed4                                   0x200000ac   Data           2  up_vga.o(.data)
    sLast                                    0x200000ae   Data           2  up_vga.o(.data)
    spdLeft                                  0x200000b0   Data           2  up_vga.o(.data)
    spdRight                                 0x200000b2   Data           2  up_vga.o(.data)
    UP_VGA_ProDis                            0x200000b4   Data           2  up_vga.o(.data)
    rec_num                                  0x200000c4   Data           4  up_vga.o(.data)
    CDS_DATA                                 0x200000c8   Data           5  up_vga.o(.data)
    AD1                                      0x200000d0   Data           4  control.o(.data)
    AD2                                      0x200000d4   Data           4  control.o(.data)
    AD3                                      0x200000d8   Data           4  control.o(.data)
    AD4                                      0x200000dc   Data           4  control.o(.data)
    AD5                                      0x200000e0   Data           4  control.o(.data)
    AD6                                      0x200000e4   Data           4  control.o(.data)
    AD7                                      0x200000e8   Data           4  control.o(.data)
    AD8                                      0x200000ec   Data           4  control.o(.data)
    AD9                                      0x200000f0   Data           4  control.o(.data)
    AD10                                     0x200000f4   Data           4  control.o(.data)
    AD11                                     0x200000f8   Data           4  control.o(.data)
    AD12                                     0x200000fc   Data           4  control.o(.data)
    AD13                                     0x20000100   Data           4  control.o(.data)
    AD14                                     0x20000104   Data           4  control.o(.data)
    AD15                                     0x20000108   Data           4  control.o(.data)
    AD16                                     0x2000010c   Data           4  control.o(.data)
    edge_flag                                0x20000110   Data           4  control.o(.data)
    fight_flag                               0x20000114   Data           4  control.o(.data)
    stage_flag                               0x20000118   Data           4  control.o(.data)
    stage_scan_flag                          0x2000011c   Data           4  control.o(.data)
    enermy_scan_flag                         0x20000120   Data           4  control.o(.data)
    left                                     0x20000124   Data           4  control.o(.data)
    right                                    0x20000128   Data           4  control.o(.data)
    shangtaiflag                             0x2000012c   Data           4  control.o(.data)
    g_ADValue                                0x20000130   Data          32  up_adc.o(.bss)
    g_CDSFrames                              0x20000150   Data         420  up_uart.o(.bss)
    g_UP_iTimerTime                          0x200002f4   Data          16  up_timer.o(.bss)
    g_TIM_OCInitStructure                    0x20000304   Data          16  up_pwm.o(.bss)
    __initial_sp                             0x20000718   Data           0  startup_stm32f10x_hd.o(STACK)



==============================================================================

Memory Map of the image

  Image Entry point : 0x0800b131

  Load Region LR_IROM1 (Base: 0x0800b000, Size: 0x00002ab8, Max: 0x00040000, ABSOLUTE, COMPRESSED[0x000029ac])

    Execution Region ER_IROM1 (Base: 0x0800b000, Size: 0x00002988, Max: 0x00040000, ABSOLUTE)

    Base Addr    Size         Type   Attr      Idx    E Section Name        Object

    0x0800b000   0x00000130   Data   RO         1631    RESET               startup_stm32f10x_hd.o
    0x0800b130   0x00000000   Code   RO         2740  * .ARM.Collect$$$$00000000  mc_w.l(entry.o)
    0x0800b130   0x00000004   Code   RO         2757    .ARM.Collect$$$$00000001  mc_w.l(entry2.o)
    0x0800b134   0x00000004   Code   RO         2760    .ARM.Collect$$$$00000004  mc_w.l(entry5.o)
    0x0800b138   0x00000000   Code   RO         2762    .ARM.Collect$$$$00000008  mc_w.l(entry7b.o)
    0x0800b138   0x00000000   Code   RO         2764    .ARM.Collect$$$$0000000A  mc_w.l(entry8b.o)
    0x0800b138   0x00000008   Code   RO         2765    .ARM.Collect$$$$0000000B  mc_w.l(entry9a.o)
    0x0800b140   0x00000000   Code   RO         2767    .ARM.Collect$$$$0000000D  mc_w.l(entry10a.o)
    0x0800b140   0x00000000   Code   RO         2769    .ARM.Collect$$$$0000000F  mc_w.l(entry11a.o)
    0x0800b140   0x00000004   Code   RO         2758    .ARM.Collect$$$$00002712  mc_w.l(entry2.o)
    0x0800b144   0x00000024   Code   RO         1632    .text               startup_stm32f10x_hd.o
    0x0800b168   0x00000024   Code   RO         2778    .text               mc_w.l(init.o)
    0x0800b18c   0x00000056   Code   RO         2790    .text               mc_w.l(__dczerorl2.o)
    0x0800b1e2   0x00000014   Code   RO          193    i.ADC_Cmd           stm32f10x_adc.o
    0x0800b1f6   0x00000014   Code   RO          194    i.ADC_DMACmd        stm32f10x_adc.o
    0x0800b20a   0x0000000e   Code   RO          201    i.ADC_GetCalibrationStatus  stm32f10x_adc.o
    0x0800b218   0x0000000e   Code   RO          207    i.ADC_GetResetCalibrationStatus  stm32f10x_adc.o
    0x0800b226   0x00000002   PAD
    0x0800b228   0x00000048   Code   RO          211    i.ADC_Init          stm32f10x_adc.o
    0x0800b270   0x00000074   Code   RO          215    i.ADC_RegularChannelConfig  stm32f10x_adc.o
    0x0800b2e4   0x0000000a   Code   RO          216    i.ADC_ResetCalibration  stm32f10x_adc.o
    0x0800b2ee   0x00000014   Code   RO          218    i.ADC_SoftwareStartConvCmd  stm32f10x_adc.o
    0x0800b302   0x0000000a   Code   RO          220    i.ADC_StartCalibration  stm32f10x_adc.o
    0x0800b30c   0x00000094   Code   RO         2454    i.CDS_UARTHadler    up_vga.o
    0x0800b3a0   0x00000054   Code   RO         1967    i.CheckCDSSend      up_uart.o
    0x0800b3f4   0x00000018   Code   RO         2050    i.DMA1_Channel1_IRQHandler  up_it.o
    0x0800b40c   0x00000030   Code   RO         2051    i.DMA1_Channel2_IRQHandler  up_it.o
    0x0800b43c   0x00000018   Code   RO          448    i.DMA_ClearITPendingBit  stm32f10x_dma.o
    0x0800b454   0x00000016   Code   RO          449    i.DMA_Cmd           stm32f10x_dma.o
    0x0800b46a   0x00000002   PAD
    0x0800b46c   0x000000e4   Code   RO          450    i.DMA_DeInit        stm32f10x_dma.o
    0x0800b550   0x00000020   Code   RO          453    i.DMA_GetITStatus   stm32f10x_dma.o
    0x0800b570   0x00000010   Code   RO          454    i.DMA_ITConfig      stm32f10x_dma.o
    0x0800b580   0x0000003a   Code   RO          455    i.DMA_Init          stm32f10x_dma.o
    0x0800b5ba   0x0000001a   Code   RO         1841    i.Delay_ms          up_lcd.o
    0x0800b5d4   0x00000016   Code   RO         1842    i.Delay_us          up_lcd.o
    0x0800b5ea   0x00000006   Code   RO         2053    i.EXTI0_IRQHandler  up_it.o
    0x0800b5f0   0x0000004e   Code   RO         2054    i.EXTI15_10_IRQHandler  up_it.o
    0x0800b63e   0x00000006   Code   RO         2055    i.EXTI1_IRQHandler  up_it.o
    0x0800b644   0x00000006   Code   RO         2056    i.EXTI2_IRQHandler  up_it.o
    0x0800b64a   0x00000006   Code   RO         2057    i.EXTI3_IRQHandler  up_it.o
    0x0800b650   0x00000006   Code   RO         2058    i.EXTI4_IRQHandler  up_it.o
    0x0800b656   0x0000004a   Code   RO         2059    i.EXTI9_5_IRQHandler  up_it.o
    0x0800b6a0   0x00000020   Code   RO         1580    i.EXTI_GetITStatus  stm32f10x_exti.o
    0x0800b6c0   0x0000001c   Code   RO         2060    i.EXTI_IRQHandler   up_it.o
    0x0800b6dc   0x00000114   Code   RO         2593    i.Edge              control.o
    0x0800b7f0   0x00000028   Code   RO          522    i.GPIO_EXTILineConfig  stm32f10x_gpio.o
    0x0800b818   0x000000a2   Code   RO          525    i.GPIO_Init         stm32f10x_gpio.o
    0x0800b8ba   0x00000002   PAD
    0x0800b8bc   0x00000058   Code   RO          527    i.GPIO_PinRemapConfig  stm32f10x_gpio.o
    0x0800b914   0x00000004   Code   RO          532    i.GPIO_ResetBits    stm32f10x_gpio.o
    0x0800b918   0x0000005c   Code   RO         1843    i.LCD_WriteCmd      up_lcd.o
    0x0800b974   0x0000004c   Code   RO         1844    i.LCD_WriteData     up_lcd.o
    0x0800b9c0   0x00000050   Code   RO         1845    i.Lcds_Config       up_lcd.o
    0x0800ba10   0x00000064   Code   RO          113    i.NVIC_Init         misc.o
    0x0800ba74   0x00000014   Code   RO          114    i.NVIC_PriorityGroupConfig  misc.o
    0x0800ba88   0x00000014   Code   RO          115    i.NVIC_SetVectorTable  misc.o
    0x0800ba9c   0x00000018   Code   RO          634    i.RCC_AHBPeriphClockCmd  stm32f10x_rcc.o
    0x0800bab4   0x00000018   Code   RO          635    i.RCC_APB1PeriphClockCmd  stm32f10x_rcc.o
    0x0800bacc   0x00000018   Code   RO          636    i.RCC_APB1PeriphResetCmd  stm32f10x_rcc.o
    0x0800bae4   0x00000018   Code   RO          637    i.RCC_APB2PeriphClockCmd  stm32f10x_rcc.o
    0x0800bafc   0x00000018   Code   RO          638    i.RCC_APB2PeriphResetCmd  stm32f10x_rcc.o
    0x0800bb14   0x00000090   Code   RO          645    i.RCC_GetClocksFreq  stm32f10x_rcc.o
    0x0800bba4   0x0000003c   Code   RO         1846    i.SPIByte           up_lcd.o
    0x0800bbe0   0x000000a8   Code   RO         1546    i.SetSysClockTo72   system_stm32f10x.o
    0x0800bc88   0x00000004   Code   RO         2066    i.SysTick_Handler   up_it.o
    0x0800bc8c   0x00000050   Code   RO         1548    i.SystemInit        system_stm32f10x.o
    0x0800bcdc   0x00000004   Code   RO         2067    i.TIM3_IRQHandler   up_it.o
    0x0800bce0   0x00000006   Code   RO          842    i.TIM_ClearITPendingBit  stm32f10x_tim.o
    0x0800bce6   0x00000014   Code   RO          847    i.TIM_Cmd           stm32f10x_tim.o
    0x0800bcfa   0x00000016   Code   RO          849    i.TIM_CtrlPWMOutputs  stm32f10x_tim.o
    0x0800bd10   0x00000170   Code   RO          852    i.TIM_DeInit        stm32f10x_tim.o
    0x0800be80   0x00000018   Code   RO          868    i.TIM_GetITStatus   stm32f10x_tim.o
    0x0800be98   0x00000010   Code   RO          872    i.TIM_ITConfig      stm32f10x_tim.o
    0x0800bea8   0x00000080   Code   RO          876    i.TIM_OC1Init       stm32f10x_tim.o
    0x0800bf28   0x00000080   Code   RO          881    i.TIM_OC2Init       stm32f10x_tim.o
    0x0800bfa8   0x0000007c   Code   RO          886    i.TIM_OC3Init       stm32f10x_tim.o
    0x0800c024   0x00000064   Code   RO          891    i.TIM_OC4Init       stm32f10x_tim.o
    0x0800c088   0x0000009c   Code   RO          918    i.TIM_TimeBaseInit  stm32f10x_tim.o
    0x0800c124   0x00000058   Code   RO         2068    i.UART4_IRQHandler  up_it.o
    0x0800c17c   0x00000058   Code   RO         2069    i.UART5_IRQHandler  up_it.o
    0x0800c1d4   0x0000005c   Code   RO         1790    i.UP_ADC_DMAConfiguration  up_adc.o
    0x0800c230   0x00000014   Code   RO         1793    i.UP_ADC_GetValue   up_adc.o
    0x0800c244   0x00000188   Code   RO         1794    i.UP_ADC_Init       up_adc.o
    0x0800c3cc   0x0000004c   Code   RO         2348    i.UP_CDS_SetSpeed   up_cds5500.o
    0x0800c418   0x00000134   Code   RO         2198    i.UP_Exti_Init      up_exti.o
    0x0800c54c   0x00000028   Code   RO         2414    i.UP_IOout_AllLow   up_ioout.o
    0x0800c574   0x00000060   Code   RO         2415    i.UP_IOout_GPIOInit  up_ioout.o
    0x0800c5d4   0x00000004   Code   RO         2416    i.UP_IOout_Init     up_ioout.o
    0x0800c5d8   0x00000058   Code   RO         1829    i.UP_Key_Init       up_key.o
    0x0800c630   0x00000018   Code   RO         1848    i.UP_LCD_ClearScreen  up_lcd.o
    0x0800c648   0x00000042   Code   RO         1849    i.UP_LCD_Fill       up_lcd.o
    0x0800c68a   0x00000002   PAD
    0x0800c68c   0x00000100   Code   RO         1850    i.UP_LCD_Init       up_lcd.o
    0x0800c78c   0x0000000e   Code   RO         1859    i.UP_LCD_Turn       up_lcd.o
    0x0800c79a   0x00000002   PAD
    0x0800c79c   0x000001a4   Code   RO         2289    i.UP_NVIC_Configuration  up_nvic.o
    0x0800c940   0x000000ac   Code   RO         2306    i.UP_PWM_Init       up_pwm.o
    0x0800c9ec   0x0000002e   Code   RO         1640    i.UP_System_Init    up_system.o
    0x0800ca1a   0x00000002   PAD
    0x0800ca1c   0x00000114   Code   RO         2230    i.UP_Timer_Init     up_timer.o
    0x0800cb30   0x00000208   Code   RO         2232    i.UP_Timer_Pro      up_timer.o
    0x0800cd38   0x00000060   Code   RO         1976    i.UP_UART_DMAConfiguration  up_uart.o
    0x0800cd98   0x000002e8   Code   RO         1977    i.UP_UART_Init      up_uart.o
    0x0800d080   0x00000098   Code   RO         1978    i.UP_Uart3_SendCDSFrame  up_uart.o
    0x0800d118   0x0000001a   Code   RO         1736    i.UP_delay_ms       up_globle.o
    0x0800d132   0x00000016   Code   RO         1737    i.UP_delay_us       up_globle.o
    0x0800d148   0x00000058   Code   RO         2070    i.USART1_IRQHandler  up_it.o
    0x0800d1a0   0x0000004c   Code   RO         2465    i.USART3_IRQHandler  up_vga.o
    0x0800d1ec   0x00000006   Code   RO         1366    i.USART_ClearFlag   stm32f10x_usart.o
    0x0800d1f2   0x0000000c   Code   RO         1367    i.USART_ClearITPendingBit  stm32f10x_usart.o
    0x0800d1fe   0x0000001e   Code   RO         1368    i.USART_ClockInit   stm32f10x_usart.o
    0x0800d21c   0x00000014   Code   RO         1370    i.USART_Cmd         stm32f10x_usart.o
    0x0800d230   0x00000010   Code   RO         1371    i.USART_DMACmd      stm32f10x_usart.o
    0x0800d240   0x0000000e   Code   RO         1373    i.USART_GetFlagStatus  stm32f10x_usart.o
    0x0800d24e   0x0000003e   Code   RO         1374    i.USART_GetITStatus  stm32f10x_usart.o
    0x0800d28c   0x00000030   Code   RO         1376    i.USART_ITConfig    stm32f10x_usart.o
    0x0800d2bc   0x000000ac   Code   RO         1377    i.USART_Init        stm32f10x_usart.o
    0x0800d368   0x00000008   Code   RO         1384    i.USART_ReceiveData  stm32f10x_usart.o
    0x0800d370   0x0000000e   Code   RO         2784    i.__scatterload_copy  mc_w.l(handlers.o)
    0x0800d37e   0x00000002   Code   RO         2785    i.__scatterload_null  mc_w.l(handlers.o)
    0x0800d380   0x0000000e   Code   RO         2786    i.__scatterload_zeroinit  mc_w.l(handlers.o)
    0x0800d38e   0x00000002   PAD
    0x0800d390   0x00000078   Code   RO         2598    i.enermy            control.o
    0x0800d408   0x00000060   Code   RO         2599    i.fight             control.o
    0x0800d468   0x00000058   Code   RO            1    i.main              main.o
    0x0800d4c0   0x00000274   Code   RO         2600    i.main_control      control.o
    0x0800d734   0x00000050   Code   RO         2601    i.move              control.o
    0x0800d784   0x0000008c   Code   RO         2602    i.scan              control.o
    0x0800d810   0x00000044   Code   RO         2603    i.shangtai          control.o
    0x0800d854   0x00000028   Code   RO         2604    i.wander            control.o
    0x0800d87c   0x00000020   Code   RO         2605    i.wheel_135_L       control.o
    0x0800d89c   0x00000024   Code   RO         2606    i.wheel_135_R       control.o
    0x0800d8c0   0x00000020   Code   RO         2607    i.wheel_180         control.o
    0x0800d8e0   0x00000020   Code   RO         2608    i.wheel_45_L        control.o
    0x0800d900   0x00000024   Code   RO         2610    i.wheel_45_R        control.o
    0x0800d924   0x00000020   Code   RO         2612    i.wheel_90_L        control.o
    0x0800d944   0x00000024   Code   RO         2613    i.wheel_90_R        control.o
    0x0800d968   0x00000020   Data   RO         2782    Region$$Table       anon$$obj.o


    Execution Region RW_IRAM1 (Base: 0x20000000, Size: 0x00000718, Max: 0x00010000, ABSOLUTE, COMPRESSED[0x00000024])

    Base Addr    Size         Type   Attr      Idx    E Section Name        Object

    0x20000000   0x00000014   Data   RW          665    .data               stm32f10x_rcc.o
    0x20000014   0x00000014   Data   RW         1549    .data               system_stm32f10x.o
    0x20000028   0x00000001   Data   RW         1740    .data               up_globle.o
    0x20000029   0x00000003   PAD
    0x2000002c   0x00000004   Data   RW         1741    .data               up_globle.o
    0x20000030   0x00000004   Data   RW         1742    .data               up_globle.o
    0x20000034   0x00000001   Data   RW         1743    .data               up_globle.o
    0x20000035   0x00000003   PAD
    0x20000038   0x00000004   Data   RW         1744    .data               up_globle.o
    0x2000003c   0x00000004   Data   RW         1745    .data               up_globle.o
    0x20000040   0x00000001   Data   RW         1746    .data               up_globle.o
    0x20000041   0x00000003   PAD
    0x20000044   0x00000004   Data   RW         1747    .data               up_globle.o
    0x20000048   0x00000004   Data   RW         1748    .data               up_globle.o
    0x2000004c   0x00000004   Data   RW         1749    .data               up_globle.o
    0x20000050   0x00000004   Data   RW         1751    .data               up_globle.o
    0x20000054   0x00000004   Data   RW         1752    .data               up_globle.o
    0x20000058   0x00000004   Data   RW         1753    .data               up_globle.o
    0x2000005c   0x00000004   Data   RW         1754    .data               up_globle.o
    0x20000060   0x00000004   Data   RW         1755    .data               up_globle.o
    0x20000064   0x00000004   Data   RW         1756    .data               up_globle.o
    0x20000068   0x00000003   Data   RW         1861    .data               up_lcd.o
    0x2000006b   0x00000002   Data   RW         1980    .data               up_uart.o
    0x2000006d   0x00000003   PAD
    0x20000070   0x00000024   Data   RW         2235    .data               up_timer.o
    0x20000094   0x00000039   Data   RW         2468    .data               up_vga.o
    0x200000cd   0x00000003   PAD
    0x200000d0   0x00000060   Data   RW         2616    .data               control.o
    0x20000130   0x00000020   Zero   RW         1795    .bss                up_adc.o
    0x20000150   0x000001a4   Zero   RW         1979    .bss                up_uart.o
    0x200002f4   0x00000010   Zero   RW         2234    .bss                up_timer.o
    0x20000304   0x00000010   Zero   RW         2310    .bss                up_pwm.o
    0x20000314   0x00000004   PAD
    0x20000318   0x00000400   Zero   RW         1629    STACK               startup_stm32f10x_hd.o


==============================================================================

Image component sizes


      Code (inc. data)   RO Data    RW Data    ZI Data      Debug   Object Name

      1684         70          0         96          0       8429   control.o
         0          0          0          0          0         32   core_cm3.o
        88         18          0          0          0       4991   main.o
       140         24          0          0          0     206509   misc.o
        36          8        304          0       1024        792   startup_stm32f10x_hd.o
       296         10          0          0          0     271701   stm32f10x_adc.o
       380         26          0          0          0       4659   stm32f10x_dma.o
        32          4          0          0          0        535   stm32f10x_exti.o
       294         12          0          0          0       3313   stm32f10x_gpio.o
       264         46          0         20          0       5640   stm32f10x_rcc.o
      1092        154          0          0          0       7571   stm32f10x_tim.o
       388          6          0          0          0       6841   stm32f10x_usart.o
       248         24          0         20          0       1761   system_stm32f10x.o
       504         32          0          0         32       2146   up_adc.o
        76          0          0          0          0        530   up_cds5500.o
       308         14          0          0          0        667   up_exti.o
        48          0          0         55          0       2293   up_globle.o
       140         24          0          0          0       2110   up_ioout.o
       554         46          0          0          0       6869   up_it.o
        88         10          0          0          0        470   up_key.o
       716         34          0          3          0       5640   up_lcd.o
       420         24          0          0          0      15971   up_nvic.o
       172         14          0          0         16       1540   up_pwm.o
        46          0          0          0          0     258629   up_system.o
       796         48          0         36         16       2757   up_timer.o
      1076        100          0          2        420       3625   up_uart.o
       224         14          0         57          0       3935   up_vga.o

    ----------------------------------------------------------------------
     10122        762        336        304       1512     829956   Object Totals
         0          0         32          0          0          0   (incl. Generated)
        12          0          0         15          4          0   (incl. Padding)

    ----------------------------------------------------------------------

      Code (inc. data)   RO Data    RW Data    ZI Data      Debug   Library Member Name

        86          0          0          0          0          0   __dczerorl2.o
         0          0          0          0          0          0   entry.o
         0          0          0          0          0          0   entry10a.o
         0          0          0          0          0          0   entry11a.o
         8          4          0          0          0          0   entry2.o
         4          0          0          0          0          0   entry5.o
         0          0          0          0          0          0   entry7b.o
         0          0          0          0          0          0   entry8b.o
         8          4          0          0          0          0   entry9a.o
        30          0          0          0          0          0   handlers.o
        36          8          0          0          0         68   init.o

    ----------------------------------------------------------------------
       174         16          0          0          0         68   Library Totals
         2          0          0          0          0          0   (incl. Padding)

    ----------------------------------------------------------------------

      Code (inc. data)   RO Data    RW Data    ZI Data      Debug   Library Name

       172         16          0          0          0         68   mc_w.l

    ----------------------------------------------------------------------
       174         16          0          0          0         68   Library Totals

    ----------------------------------------------------------------------

==============================================================================


      Code (inc. data)   RO Data    RW Data    ZI Data      Debug   

     10296        778        336        304       1512     824536   Grand Totals
     10296        778        336         36       1512     824536   ELF Image Totals (compressed)
     10296        778        336         36          0          0   ROM Totals

==============================================================================

    Total RO  Size (Code + RO Data)                10632 (  10.38kB)
    Total RW  Size (RW Data + ZI Data)              1816 (   1.77kB)
    Total ROM Size (Code + RO Data + RW Data)      10668 (  10.42kB)

==============================================================================

