<html>
<body>
<pre>
<h1>礦ision Build Log</h1>
<h2>Project:</h2>
F:\2_2016年培训班\1_2016无差别（1VS1）\3_无差别组1vs1配套程序\3_无差别组1vs1配套程序\prj\UP_EX-Star Demo.uvproj
Project File Date:  12/15/2015

<h2>Output:</h2>
Build target 'Target 1'
compiling main.c...
linking...
Program Size: Code=11788 RO-data=336 RW-data=312 ZI-data=1512  
FromELF: creating hex file...
User command #1: D:\Program Files\Keil\ARM\BIN40\fromelf.exe "..\List\UP_ADC.axf" --bin --output "..\TZfight.bin"
"..\List\UP_ADC.axf" - 0 Error(s), 0 Warning(s).
Build target 'Target 1'
compiling main.c...
linking...
Program Size: Code=12216 RO-data=336 RW-data=312 ZI-data=1512  
FromELF: creating hex file...
User command #1: D:\Program Files\Keil\ARM\BIN40\fromelf.exe "..\List\UP_ADC.axf" --bin --output "..\TZfight.bin"
"..\List\UP_ADC.axf" - 0 Error(s), 0 Warning(s).
Build target 'Target 1'
linking...
Program Size: Code=12216 RO-data=336 RW-data=312 ZI-data=1512  
FromELF: creating hex file...
User command #1: D:\Program Files\Keil\ARM\BIN40\fromelf.exe "..\List\UP_ADC.axf" --bin --output "..\TZ.bin"
"..\List\UP_ADC.axf" - 0 Error(s), 0 Warning(s).
Build target 'Target 1'
compiling main.c...
linking...
Program Size: Code=12344 RO-data=336 RW-data=312 ZI-data=1512  
FromELF: creating hex file...
User command #1: D:\Program Files\Keil\ARM\BIN40\fromelf.exe "..\List\UP_ADC.axf" --bin --output "..\TZ.bin"
"..\List\UP_ADC.axf" - 0 Error(s), 0 Warning(s).
Build target 'Target 1'
compiling main.c...
linking...
Program Size: Code=12344 RO-data=336 RW-data=312 ZI-data=1512  
FromELF: creating hex file...
User command #1: D:\Program Files\Keil\ARM\BIN40\fromelf.exe "..\List\UP_ADC.axf" --bin --output "..\TZ.bin"
"..\List\UP_ADC.axf" - 0 Error(s), 0 Warning(s).
Build target 'Target 1'
linking...
Program Size: Code=12344 RO-data=336 RW-data=312 ZI-data=1512  
FromELF: creating hex file...
User command #1: D:\Program Files\Keil\ARM\BIN40\fromelf.exe "..\List\UP_ADC.axf" --bin --output "..\TZ.bin"
"..\List\UP_ADC.axf" - 0 Error(s), 0 Warning(s).
Build target 'Target 1'
compiling main.c...
linking...
Program Size: Code=12344 RO-data=336 RW-data=312 ZI-data=1512  
FromELF: creating hex file...
User command #1: D:\Program Files\Keil\ARM\BIN40\fromelf.exe "..\List\UP_ADC.axf" --bin --output "..\TZ.bin"
"..\List\UP_ADC.axf" - 0 Error(s), 0 Warning(s).
Build target 'Target 1'
compiling main.c...
linking...
Program Size: Code=12376 RO-data=336 RW-data=312 ZI-data=1512  
FromELF: creating hex file...
User command #1: D:\Program Files\Keil\ARM\BIN40\fromelf.exe "..\List\UP_ADC.axf" --bin --output "..\TZ.bin"
"..\List\UP_ADC.axf" - 0 Error(s), 0 Warning(s).
Build target 'Target 1'
compiling main.c...
linking...
Program Size: Code=12392 RO-data=336 RW-data=316 ZI-data=1508  
FromELF: creating hex file...
User command #1: D:\Program Files\Keil\ARM\BIN40\fromelf.exe "..\List\UP_ADC.axf" --bin --output "..\TZ.bin"
"..\List\UP_ADC.axf" - 0 Error(s), 0 Warning(s).
Build target 'Target 1'
compiling main.c...
linking...
Program Size: Code=12436 RO-data=336 RW-data=320 ZI-data=1512  
FromELF: creating hex file...
User command #1: D:\Program Files\Keil\ARM\BIN40\fromelf.exe "..\List\UP_ADC.axf" --bin --output "..\TZ.bin"
"..\List\UP_ADC.axf" - 0 Error(s), 0 Warning(s).
Build target 'Target 1'
compiling main.c...
linking...
Program Size: Code=12436 RO-data=336 RW-data=320 ZI-data=1512  
FromELF: creating hex file...
User command #1: D:\Program Files\Keil\ARM\BIN40\fromelf.exe "..\List\UP_ADC.axf" --bin --output "..\TZ.bin"
"..\List\UP_ADC.axf" - 0 Error(s), 0 Warning(s).
Build target 'Target 1'
compiling main.c...
linking...
Program Size: Code=12436 RO-data=336 RW-data=320 ZI-data=1512  
FromELF: creating hex file...
User command #1: D:\Program Files\Keil\ARM\BIN40\fromelf.exe "..\List\UP_ADC.axf" --bin --output "..\TZ.bin"
"..\List\UP_ADC.axf" - 0 Error(s), 0 Warning(s).
Build target 'Target 1'
compiling main.c...
linking...
Program Size: Code=12440 RO-data=336 RW-data=320 ZI-data=1512  
FromELF: creating hex file...
User command #1: D:\Program Files\Keil\ARM\BIN40\fromelf.exe "..\List\UP_ADC.axf" --bin --output "..\TZ.bin"
"..\List\UP_ADC.axf" - 0 Error(s), 0 Warning(s).
Build target 'Target 1'
compiling main.c...
linking...
Program Size: Code=12456 RO-data=336 RW-data=320 ZI-data=1512  
FromELF: creating hex file...
User command #1: D:\Program Files\Keil\ARM\BIN40\fromelf.exe "..\List\UP_ADC.axf" --bin --output "..\TZ.bin"
"..\List\UP_ADC.axf" - 0 Error(s), 0 Warning(s).
Build target 'Target 1'
compiling main.c...
linking...
Program Size: Code=12456 RO-data=336 RW-data=320 ZI-data=1512  
FromELF: creating hex file...
User command #1: D:\Program Files\Keil\ARM\BIN40\fromelf.exe "..\List\UP_ADC.axf" --bin --output "..\TZ.bin"
"..\List\UP_ADC.axf" - 0 Error(s), 0 Warning(s).
